ARM Linker, 5.03 [Build 76] [MDK-ARM Standard][RL-ARM]

==============================================================================

Section Cross References

    startup_stm32f429x.o(STACK) refers (Special) to heapauxi.o(.text) for __use_two_region_memory
    startup_stm32f429x.o(HEAP) refers (Special) to heapauxi.o(.text) for __use_two_region_memory
    startup_stm32f429x.o(RESET) refers (Special) to heapauxi.o(.text) for __use_two_region_memory
    startup_stm32f429x.o(RESET) refers to startup_stm32f429x.o(STACK) for __initial_sp
    startup_stm32f429x.o(RESET) refers to startup_stm32f429x.o(.text) for Reset_Handler
    startup_stm32f429x.o(RESET) refers to stm32f4xx_it.o(i.NMI_Handler) for NMI_Handler
    startup_stm32f429x.o(RESET) refers to stm32f4xx_it.o(i.HardFault_Handler) for HardFault_Handler
    startup_stm32f429x.o(RESET) refers to stm32f4xx_it.o(i.MemManage_Handler) for MemManage_Handler
    startup_stm32f429x.o(RESET) refers to stm32f4xx_it.o(i.BusFault_Handler) for BusFault_Handler
    startup_stm32f429x.o(RESET) refers to stm32f4xx_it.o(i.UsageFault_Handler) for UsageFault_Handler
    startup_stm32f429x.o(RESET) refers to port.o(.emb_text) for SVC_Handler
    startup_stm32f429x.o(RESET) refers to stm32f4xx_it.o(i.DebugMon_Handler) for DebugMon_Handler
    startup_stm32f429x.o(RESET) refers to port.o(i.SysTick_Handler) for SysTick_Handler
    startup_stm32f429x.o(RESET) refers to dc_protocol.o(i.EXTI1_IRQHandler) for EXTI1_IRQHandler
    startup_stm32f429x.o(RESET) refers to ac_rx.o(i.EXTI9_5_IRQHandler) for EXTI9_5_IRQHandler
    startup_stm32f429x.o(RESET) refers to wifi.o(i.USART1_IRQHandler) for USART1_IRQHandler
    startup_stm32f429x.o(RESET) refers to rtc.o(i.RTC_Alarm_IRQHandler) for RTC_Alarm_IRQHandler
    startup_stm32f429x.o(RESET) refers to timer.o(i.TIM7_IRQHandler) for TIM7_IRQHandler
    startup_stm32f429x.o(RESET) refers to stm32f4xx_it.o(i.ETH_IRQHandler) for ETH_IRQHandler
    startup_stm32f429x.o(RESET) refers to debug_uart.o(i.USART6_IRQHandler) for USART6_IRQHandler
    startup_stm32f429x.o(.text) refers (Special) to heapauxi.o(.text) for __use_two_region_memory
    startup_stm32f429x.o(.text) refers to system_stm32f4xx.o(i.SystemInit) for SystemInit
    startup_stm32f429x.o(.text) refers to __main.o(!!!main) for __main
    startup_stm32f429x.o(.text) refers to startup_stm32f429x.o(HEAP) for Heap_Mem
    startup_stm32f429x.o(.text) refers to startup_stm32f429x.o(STACK) for Stack_Mem
    system_stm32f4xx.o(i.SystemCoreClockUpdate) refers to system_stm32f4xx.o(.data) for .data
    system_stm32f4xx.o(i.SystemInit) refers to system_stm32f4xx.o(i.SetSysClock) for SetSysClock
    stm32f4xx_adc.o(i.ADC_DeInit) refers to stm32f4xx_rcc.o(i.RCC_APB2PeriphResetCmd) for RCC_APB2PeriphResetCmd
    stm32f4xx_can.o(i.CAN_DeInit) refers to stm32f4xx_rcc.o(i.RCC_APB1PeriphResetCmd) for RCC_APB1PeriphResetCmd
    stm32f4xx_can.o(i.CAN_GetITStatus) refers to stm32f4xx_can.o(i.CheckITStatus) for CheckITStatus
    stm32f4xx_cryp.o(i.CRYP_DeInit) refers to stm32f4xx_rcc.o(i.RCC_AHB2PeriphResetCmd) for RCC_AHB2PeriphResetCmd
    stm32f4xx_cryp_aes.o(i.CRYP_AES_CBC) refers to stm32f4xx_cryp.o(i.CRYP_KeyStructInit) for CRYP_KeyStructInit
    stm32f4xx_cryp_aes.o(i.CRYP_AES_CBC) refers to stm32f4xx_cryp.o(i.CRYP_KeyInit) for CRYP_KeyInit
    stm32f4xx_cryp_aes.o(i.CRYP_AES_CBC) refers to stm32f4xx_cryp.o(i.CRYP_Init) for CRYP_Init
    stm32f4xx_cryp_aes.o(i.CRYP_AES_CBC) refers to stm32f4xx_cryp.o(i.CRYP_IVInit) for CRYP_IVInit
    stm32f4xx_cryp_aes.o(i.CRYP_AES_CBC) refers to stm32f4xx_cryp.o(i.CRYP_FIFOFlush) for CRYP_FIFOFlush
    stm32f4xx_cryp_aes.o(i.CRYP_AES_CBC) refers to stm32f4xx_cryp.o(i.CRYP_Cmd) for CRYP_Cmd
    stm32f4xx_cryp_aes.o(i.CRYP_AES_CBC) refers to stm32f4xx_cryp.o(i.CRYP_GetCmdStatus) for CRYP_GetCmdStatus
    stm32f4xx_cryp_aes.o(i.CRYP_AES_CBC) refers to stm32f4xx_cryp.o(i.CRYP_GetFlagStatus) for CRYP_GetFlagStatus
    stm32f4xx_cryp_aes.o(i.CRYP_AES_CBC) refers to stm32f4xx_cryp.o(i.CRYP_DataIn) for CRYP_DataIn
    stm32f4xx_cryp_aes.o(i.CRYP_AES_CBC) refers to stm32f4xx_cryp.o(i.CRYP_DataOut) for CRYP_DataOut
    stm32f4xx_cryp_aes.o(i.CRYP_AES_CCM) refers to stm32f4xx_cryp.o(i.CRYP_KeyStructInit) for CRYP_KeyStructInit
    stm32f4xx_cryp_aes.o(i.CRYP_AES_CCM) refers to stm32f4xx_cryp.o(i.CRYP_FIFOFlush) for CRYP_FIFOFlush
    stm32f4xx_cryp_aes.o(i.CRYP_AES_CCM) refers to stm32f4xx_cryp.o(i.CRYP_KeyInit) for CRYP_KeyInit
    stm32f4xx_cryp_aes.o(i.CRYP_AES_CCM) refers to stm32f4xx_cryp.o(i.CRYP_IVInit) for CRYP_IVInit
    stm32f4xx_cryp_aes.o(i.CRYP_AES_CCM) refers to stm32f4xx_cryp.o(i.CRYP_Init) for CRYP_Init
    stm32f4xx_cryp_aes.o(i.CRYP_AES_CCM) refers to stm32f4xx_cryp.o(i.CRYP_PhaseConfig) for CRYP_PhaseConfig
    stm32f4xx_cryp_aes.o(i.CRYP_AES_CCM) refers to stm32f4xx_cryp.o(i.CRYP_DataIn) for CRYP_DataIn
    stm32f4xx_cryp_aes.o(i.CRYP_AES_CCM) refers to stm32f4xx_cryp.o(i.CRYP_Cmd) for CRYP_Cmd
[...]
    __aeabi_memcpy8                          0x08000697   Thumb Code     0  rt_memcpy_w.o(.text)
    __rt_memcpy_w                            0x08000697   Thumb Code   100  rt_memcpy_w.o(.text)
    _memcpy_lastbytes_aligned                0x080006df   Thumb Code     0  rt_memcpy_w.o(.text)
    __aeabi_memset                           0x080006fb   Thumb Code    16  aeabi_memset.o(.text)
    __aeabi_memclr                           0x0800070b   Thumb Code     0  rt_memclr.o(.text)
    __rt_memclr                              0x0800070b   Thumb Code    68  rt_memclr.o(.text)
    _memset                                  0x0800070f   Thumb Code     0  rt_memclr.o(.text)
    __aeabi_memclr4                          0x0800074f   Thumb Code     0  rt_memclr_w.o(.text)
    __aeabi_memclr8                          0x0800074f   Thumb Code     0  rt_memclr_w.o(.text)
    __rt_memclr_w                            0x0800074f   Thumb Code    78  rt_memclr_w.o(.text)
    _memset_w                                0x08000753   Thumb Code     0  rt_memclr_w.o(.text)
    __use_two_region_memory                  0x0800079d   Thumb Code     2  heapauxi.o(.text)
    __rt_heap_escrow                         0x0800079f   Thumb Code     2  heapauxi.o(.text)
    __rt_heap_expand                         0x080007a1   Thumb Code     2  heapauxi.o(.text)
    __rt_heap_descriptor                     0x080007a5   Thumb Code     8  rt_heap_descriptor_intlibspace.o(.text)
    __use_no_heap                            0x080007ad   Thumb Code     2  hguard.o(.text)
    __heap$guard                             0x080007af   Thumb Code     2  hguard.o(.text)
    _terminate_user_alloc                    0x080007b1   Thumb Code     2  init_alloc.o(.text)
    _init_user_alloc                         0x080007b3   Thumb Code     2  init_alloc.o(.text)
    __Heap_Full                              0x080007b5   Thumb Code    34  init_alloc.o(.text)
    __Heap_Broken                            0x080007d7   Thumb Code     6  init_alloc.o(.text)
    _init_alloc                              0x080007dd   Thumb Code    94  init_alloc.o(.text)
    __Heap_Initialize                        0x0800083b   Thumb Code    10  h1_init.o(.text)
    __Heap_DescSize                          0x08000845   Thumb Code     4  h1_init.o(.text)
    free                                     0x08000849   Thumb Code    78  h1_free.o(.text)
    _printf_int_common                       0x08000897   Thumb Code   184  _printf_intcommon.o(.text)
    _printf_char_file                        0x08000951   Thumb Code    32  _printf_char_file.o(.text)
    __user_libspace                          0x08000975   Thumb Code     8  libspace.o(.text)
    __user_perproc_libspace                  0x08000975   Thumb Code     0  libspace.o(.text)
    __user_perthread_libspace                0x08000975   Thumb Code     0  libspace.o(.text)
    __Heap_ProvideMemory                     0x0800097d   Thumb Code    52  h1_extend.o(.text)
    _printf_char_common                      0x080009bb   Thumb Code    32  _printf_char_common.o(.text)
    ferror                                   0x080009e1   Thumb Code     8  ferror.o(.text)
    _initio                                  0x080009e9   Thumb Code   210  initio.o(.text)
    _terminateio                             0x08000abb   Thumb Code    56  initio.o(.text)
    __rt_SIGRTMEM                            0x08000b21   Thumb Code    14  defsig_rtmem_outer.o(.text)
    _sys_open                                0x08000b2f   Thumb Code    20  sys_io.o(.text)
    _sys_close                               0x08000b43   Thumb Code    12  sys_io.o(.text)
    _sys_write                               0x08000b4f   Thumb Code    16  sys_io.o(.text)
    _sys_read                                0x08000b5f   Thumb Code    14  sys_io.o(.text)
    _sys_istty                               0x08000b6d   Thumb Code    12  sys_io.o(.text)
    _sys_seek                                0x08000b79   Thumb Code    14  sys_io.o(.text)
    _sys_ensure                              0x08000b87   Thumb Code     2  sys_io.o(.text)
    _sys_flen                                0x08000b89   Thumb Code    12  sys_io.o(.text)
    __I$use$semihosting                      0x08000b95   Thumb Code     0  use_no_semi.o(.text)
    __use_no_semihosting_swi                 0x08000b95   Thumb Code     2  use_no_semi.o(.text)
    __semihosting_library_function           0x08000b97   Thumb Code     0  indicate_semi.o(.text)
    __user_setup_stackheap                   0x08000b97   Thumb Code    74  sys_stackheap_outer.o(.text)
    __flsbuf                                 0x08000be1   Thumb Code   478  flsbuf.o(.text)
    __flsbuf_byte                            0x08000be1   Thumb Code     0  flsbuf.o(.text)
    __flsbuf_wide                            0x08000be1   Thumb Code     0  flsbuf.o(.text)
    setvbuf                                  0x08000dbf   Thumb Code    70  setvbuf.o(.text)
    freopen                                  0x08000e05   Thumb Code   158  fopen.o(.text)
    fopen                                    0x08000ea3   Thumb Code    74  fopen.o(.text)
    _fclose_internal                         0x08000ef1   Thumb Code    76  fclose.o(.text)
    fclose                                   0x08000ef1   Thumb Code     0  fclose.o(.text)
    exit                                     0x08000f3d   Thumb Code    12  exit.o(.text)
    __sig_exit                               0x08000f49   Thumb Code    10  defsig_exit.o(.text)
    __rt_SIGRTRED                            0x08000f53   Thumb Code    14  defsig_rtred_outer.o(.text)
    __rt_SIGRTMEM_inner                      0x08000f61   Thumb Code    22  defsig_rtmem_inner.o(.text)
    _sys_exit                                0x08000fb1   Thumb Code     8  sys_exit.o(.text)
    _fseek                                   0x08000fbd   Thumb Code   242  fseek.o(.text)
    fseek                                    0x08000fbd   Thumb Code     0  fseek.o(.text)
    _seterr                                  0x080010b5   Thumb Code    20  stdio.o(.text)
    _writebuf                                0x080010c9   Thumb Code    84  stdio.o(.text)
    _fflush                                  0x0800111d   Thumb Code    70  stdio.o(.text)
    _deferredlazyseek                        0x08001163   Thumb Code    60  stdio.o(.text)
    __default_signal_display                 0x080011a5   Thumb Code    50  defsig_general.o(.text)
    __rt_SIGRTRED_inner                      0x080011d9   Thumb Code    14  defsig_rtred_inner.o(.text)
    _ttywrch                                 0x0800120d   Thumb Code    14  sys_wrch.o(.text)
    _ftell_internal                          0x0800121b   Thumb Code    70  ftell.o(.text)
    ftell                                    0x0800121b   Thumb Code     0  ftell.o(.text)
    __aeabi_errno_addr                       0x08001261   Thumb Code     8  rt_errno_addr_intlibspace.o(.text)
    __errno$intlibspace                      0x08001261   Thumb Code     0  rt_errno_addr_intlibspace.o(.text)
    __rt_errno_addr$intlibspace              0x08001261   Thumb Code     0  rt_errno_addr_intlibspace.o(.text)
    AlarmTmrRun                              0x08001269   Thumb Code    70  wifi.o(i.AlarmTmrRun)
    Analysis                                 0x080012bd   Thumb Code   104  ac_rx.o(i.Analysis)
    AnalysisA1                               0x08001335   Thumb Code   112  ac_rx.o(i.AnalysisA1)
    AnalysisA2                               0x080013ad   Thumb Code    58  ac_rx.o(i.AnalysisA2)
    AnalysisA3                               0x080013f1   Thumb Code    54  ac_rx.o(i.AnalysisA3)
    Ascend_primeframe                        0x080014e1   Thumb Code    16  ac_component.o(i.Ascend_primeframe)
    Blu_Led_Pwm                              0x080014f5   Thumb Code   116  led_buzzer.o(i.Blu_Led_Pwm)
    Blu_Pwm_GPIO_Config                      0x08001579   Thumb Code    68  led_buzzer.o(i.Blu_Pwm_GPIO_Config)
    BusFault_Handler                         0x080015c1   Thumb Code     2  stm32f4xx_it.o(i.BusFault_Handler)
    CheckingSum                              0x080015dd   Thumb Code    30  ac_component.o(i.CheckingSum)
    DC_USART_SendBuf                         0x0800160d   Thumb Code    46  dc_config.o(i.DC_USART_SendBuf)
    DC_task                                  0x08001641   Thumb Code    34  main.o(i.DC_task)
    DeCode                                   0x08001679   Thumb Code    82  wifi.o(i.DeCode)
    DebugMon_Handler                         0x080016d5   Thumb Code     2  stm32f4xx_it.o(i.DebugMon_Handler)
    Descend_existlevel                       0x080016d9   Thumb Code    16  ac_component.o(i.Descend_existlevel)
    ETH_DMAClearITPendingBit                 0x080016ed   Thumb Code     6  stm32f4x7_eth.o(i.ETH_DMAClearITPendingBit)
    ETH_GetDMAFlagStatus                     0x080016f9   Thumb Code    16  stm32f4x7_eth.o(i.ETH_GetDMAFlagStatus)
    ETH_IRQHandler                           0x0800170d   Thumb Code    60  stm32f4xx_it.o(i.ETH_IRQHandler)
    EXTI1_IRQHandler                         0x08001751   Thumb Code    36  dc_protocol.o(i.EXTI1_IRQHandler)
    EXTI9_5_IRQHandler                       0x08001785   Thumb Code    72  ac_rx.o(i.EXTI9_5_IRQHandler)
    EXTI_ClearITPendingBit                   0x080017e9   Thumb Code     6  stm32f4xx_exti.o(i.EXTI_ClearITPendingBit)
    EXTI_Init                                0x080017f5   Thumb Code   108  stm32f4xx_exti.o(i.EXTI_Init)
    EXTI_StructInit                          0x08001865   Thumb Code    14  stm32f4xx_exti.o(i.EXTI_StructInit)
    EnCode                                   0x08001875   Thumb Code    80  wifi.o(i.EnCode)
    Fetch_Params                             0x080018d1   Thumb Code   270  ac_prime.o(i.Fetch_Params)
    Fetch_Speset                             0x08001a0d   Thumb Code   288  ac_prime.o(i.Fetch_Speset)
    FillA1                                   0x08001b59   Thumb Code    56  ac_tx.o(i.FillA1)
    FillA1Sg                                 0x08001b9d   Thumb Code    72  ac_tx.o(i.FillA1Sg)
    FillA2                                   0x08001bf1   Thumb Code    36  ac_tx.o(i.FillA2)
    FillA3                                   0x08001c19   Thumb Code    36  ac_tx.o(i.FillA3)
    Find_NewMac                              0x08001c41   Thumb Code   288  ac_prime.o(i.Find_NewMac)
    Find_Zero                                0x08001d8d   Thumb Code   252  ac_prime.o(i.Find_Zero)
    Flash_Ce_Disable                         0x08001eb5   Thumb Code    20  flash.o(i.Flash_Ce_Disable)
    Flash_Ce_Enable                          0x08001ed1   Thumb Code    20  flash.o(i.Flash_Ce_Enable)
    Flash_Check_Bad_Block                    0x08001eed   Thumb Code    90  flash.o(i.Flash_Check_Bad_Block)
    Flash_Init                               0x08001f49   Thumb Code   460  flash.o(i.Flash_Init)
    Flash_Multi_Gpio_Init                    0x08002125   Thumb Code   296  flash.o(i.Flash_Multi_Gpio_Init)
    Flash_RB_Value                           0x08002255   Thumb Code   124  flash.o(i.Flash_RB_Value)
    Flash_Read_8Bit_Data                     0x080022d9   Thumb Code   154  flash.o(i.Flash_Read_8Bit_Data)
    Flash_Read_Data                          0x08002381   Thumb Code    96  flash.o(i.Flash_Read_Data)
    Flash_Read_ID                            0x080023e1   Thumb Code    94  flash.o(i.Flash_Read_ID)
    Flash_Read_Io_Status                     0x08002449   Thumb Code    34  flash.o(i.Flash_Read_Io_Status)
    Flash_Sign_Bad_Block                     0x0800246b   Thumb Code   130  flash.o(i.Flash_Sign_Bad_Block)
    Flash_Write_1Byte_Address                0x080024ed   Thumb Code    32  flash.o(i.Flash_Write_1Byte_Address)
    Flash_Write_8Bit_Data                    0x08002511   Thumb Code   200  flash.o(i.Flash_Write_8Bit_Data)
    Flash_Write_Command                      0x080025e9   Thumb Code    36  flash.o(i.Flash_Write_Command)
    Flash_Write_Data                         0x08002615   Thumb Code   206  flash.o(i.Flash_Write_Data)
    Flash_Write_Row_Column_Address           0x080026e5   Thumb Code    82  flash.o(i.Flash_Write_Row_Column_Address)
    Flash_Write_UserData                     0x0800273d   Thumb Code   350  flash.o(i.Flash_Write_UserData)
    GPIO_Init                                0x080028a5   Thumb Code   162  stm32f4xx_gpio.o(i.GPIO_Init)
    GPIO_PinAFConfig                         0x08002947   Thumb Code    32  stm32f4xx_gpio.o(i.GPIO_PinAFConfig)
    GPIO_StructInit                          0x08002967   Thumb Code    18  stm32f4xx_gpio.o(i.GPIO_StructInit)
    Get_a1twice                              0x080029d9   Thumb Code    14  ac_component.o(i.Get_a1twice)
    Get_a2param                              0x080029ed   Thumb Code    14  ac_component.o(i.Get_a2param)
    Get_ack                                  0x08002a01   Thumb Code     6  ac_component.o(i.Get_ack)
    Get_busy                                 0x08002a0d   Thumb Code     6  ac_component.o(i.Get_busy)
    Get_clientID                             0x08002a19   Thumb Code     6  ac_component.o(i.Get_clientID)
    Get_existlevel                           0x08002a25   Thumb Code     6  ac_component.o(i.Get_existlevel)
    Get_flag_aa                              0x08002a31   Thumb Code     6  ac_component.o(i.Get_flag_aa)
    Get_flag_sub                             0x08002a3d   Thumb Code     6  ac_component.o(i.Get_flag_sub)
    Get_here                                 0x08002a49   Thumb Code    14  ac_component.o(i.Get_here)
    Get_primeframe                           0x08002a5d   Thumb Code     6  ac_component.o(i.Get_primeframe)
    Get_time_busy                            0x08002a69   Thumb Code     6  ac_component.o(i.Get_time_busy)
    Get_time_collide                         0x08002a75   Thumb Code     6  ac_component.o(i.Get_time_collide)
    Get_time_e8                              0x08002a81   Thumb Code     6  ac_component.o(i.Get_time_e8)
    HardFault_Handler                        0x08002b0d   Thumb Code     2  stm32f4xx_it.o(i.HardFault_Handler)
    INPUT_EXTI_Configuration                 0x08002b71   Thumb Code   144  ac_component.o(i.INPUT_EXTI_Configuration)
    Init                                     0x08002c09   Thumb Code    30  main.o(i.Init)
    Init_Data                                0x08002c29   Thumb Code   194  ac_component.o(i.Init_Data)
    IsNeedErrPro                             0x08002d3d   Thumb Code   140  wifi.o(i.IsNeedErrPro)
    List_Array                               0x08002dcd   Thumb Code   108  flash.o(i.List_Array)
    Main_task                                0x08002e3d   Thumb Code   258  main.o(i.Main_task)
    MemManage_Handler                        0x08002f59   Thumb Code     2  stm32f4xx_it.o(i.MemManage_Handler)
    Mermory_Clear                            0x08002f5b   Thumb Code    24  wifi.o(i.Mermory_Clear)
    NMI_Handler                              0x08002f73   Thumb Code     2  stm32f4xx_it.o(i.NMI_Handler)
    NVIC_Init                                0x08002f75   Thumb Code    92  misc.o(i.NVIC_Init)
    NVIC_PriorityGroupConfig                 0x08002fd9   Thumb Code    10  misc.o(i.NVIC_PriorityGroupConfig)
    PWR_BackupAccessCmd                      0x08002fed   Thumb Code     6  stm32f4xx_pwr.o(i.PWR_BackupAccessCmd)
    Putout_A1                                0x08002ff9   Thumb Code   256  ac_prime.o(i.Putout_A1)
    Putout_A2                                0x08003125   Thumb Code   290  ac_prime.o(i.Putout_A2)
    Putout_A3                                0x08003285   Thumb Code   290  ac_prime.o(i.Putout_A3)
    RCC_AHB1PeriphClockCmd                   0x080033e5   Thumb Code    18  stm32f4xx_rcc.o(i.RCC_AHB1PeriphClockCmd)
    RCC_APB1PeriphClockCmd                   0x080033fd   Thumb Code    18  stm32f4xx_rcc.o(i.RCC_APB1PeriphClockCmd)
    RCC_APB2PeriphClockCmd                   0x08003415   Thumb Code    18  stm32f4xx_rcc.o(i.RCC_APB2PeriphClockCmd)
    RCC_Configuration                        0x0800342d   Thumb Code    90  ac_component.o(i.RCC_Configuration)
    RCC_DeInit                               0x08003489   Thumb Code    68  stm32f4xx_rcc.o(i.RCC_DeInit)
    RCC_GetClocksFreq                        0x080034dd   Thumb Code   132  stm32f4xx_rcc.o(i.RCC_GetClocksFreq)
    RCC_GetFlagStatus                        0x08003571   Thumb Code    46  stm32f4xx_rcc.o(i.RCC_GetFlagStatus)
    RCC_HCLKConfig                           0x080035a5   Thumb Code    14  stm32f4xx_rcc.o(i.RCC_HCLKConfig)
    RCC_HSEConfig                            0x080035b9   Thumb Code    10  stm32f4xx_rcc.o(i.RCC_HSEConfig)
    RCC_LSEConfig                            0x080035c9   Thumb Code    22  stm32f4xx_rcc.o(i.RCC_LSEConfig)
    RCC_PCLK1Config                          0x080035e5   Thumb Code    14  stm32f4xx_rcc.o(i.RCC_PCLK1Config)
    RCC_PCLK2Config                          0x080035f9   Thumb Code    16  stm32f4xx_rcc.o(i.RCC_PCLK2Config)
    RCC_PLLCmd                               0x0800360d   Thumb Code     6  stm32f4xx_rcc.o(i.RCC_PLLCmd)
    RCC_PLLConfig                            0x08003619   Thumb Code    30  stm32f4xx_rcc.o(i.RCC_PLLConfig)
    RCC_RTCCLKCmd                            0x08003641   Thumb Code     6  stm32f4xx_rcc.o(i.RCC_RTCCLKCmd)
    RCC_RTCCLKConfig                         0x0800364d   Thumb Code    40  stm32f4xx_rcc.o(i.RCC_RTCCLKConfig)
    RCC_SYSCLKConfig                         0x0800367d   Thumb Code    14  stm32f4xx_rcc.o(i.RCC_SYSCLKConfig)
    RCC_TIMCLKPresConfig                     0x08003691   Thumb Code     6  stm32f4xx_rcc.o(i.RCC_TIMCLKPresConfig)
    RCC_WaitForHSEStartUp                    0x0800369d   Thumb Code    44  stm32f4xx_rcc.o(i.RCC_WaitForHSEStartUp)
    RTC_Alarm_IRQHandler                     0x080036c9   Thumb Code    34  rtc.o(i.RTC_Alarm_IRQHandler)
    RTC_ClearITPendingBit                    0x0800371d   Thumb Code    24  stm32f4xx_rtc.o(i.RTC_ClearITPendingBit)
    RTC_Configuration                        0x08003739   Thumb Code    98  rtc.o(i.RTC_Configuration)
    RTC_EnterInitMode                        0x080037a5   Thumb Code    56  stm32f4xx_rtc.o(i.RTC_EnterInitMode)
    RTC_ExitInitMode                         0x080037e1   Thumb Code    12  stm32f4xx_rtc.o(i.RTC_ExitInitMode)
    RTC_GetDate                              0x080037f1   Thumb Code    64  stm32f4xx_rtc.o(i.RTC_GetDate)
    RTC_GetITStatus                          0x08003839   Thumb Code    46  stm32f4xx_rtc.o(i.RTC_GetITStatus)
    RTC_GetTime                              0x08003871   Thumb Code    68  stm32f4xx_rtc.o(i.RTC_GetTime)
    RTC_Init                                 0x080038bd   Thumb Code    74  stm32f4xx_rtc.o(i.RTC_Init)
    RTC_SetDate                              0x0800390d   Thumb Code   146  stm32f4xx_rtc.o(i.RTC_SetDate)
    RTC_SetTime                              0x080039a9   Thumb Code   152  stm32f4xx_rtc.o(i.RTC_SetTime)
    RTC_WaitForSynchro                       0x08003a49   Thumb Code    70  stm32f4xx_rtc.o(i.RTC_WaitForSynchro)
    RX_EXTI_Configuration                    0x08003a95   Thumb Code   144  ac_component.o(i.RX_EXTI_Configuration)
    ReadCmdFromMachine                       0x08003b2d   Thumb Code   444  dc_protocol.o(i.ReadCmdFromMachine)
    Recv                                     0x08003d01   Thumb Code   378  ac_rx.o(i.Recv)
    RxData_Deal                              0x08003f19   Thumb Code    72  wifi.o(i.RxData_Deal)
    SYSCFG_EXTILineConfig                    0x08003f6d   Thumb Code    34  stm32f4xx_syscfg.o(i.SYSCFG_EXTILineConfig)
    Set_a1twice                              0x080043e1   Thumb Code    24  ac_component.o(i.Set_a1twice)
    Set_a2param                              0x080043fd   Thumb Code    24  ac_component.o(i.Set_a2param)
    Set_ack                                  0x08004419   Thumb Code     6  ac_component.o(i.Set_ack)
    Set_busy                                 0x08004425   Thumb Code     6  ac_component.o(i.Set_busy)
    Set_existlevel                           0x08004431   Thumb Code     8  ac_component.o(i.Set_existlevel)
    Set_flag_aa                              0x0800443d   Thumb Code     6  ac_component.o(i.Set_flag_aa)
    Set_here                                 0x08004449   Thumb Code    24  ac_component.o(i.Set_here)
    Set_primeframe                           0x08004465   Thumb Code     8  ac_component.o(i.Set_primeframe)
    Set_time_busy                            0x08004471   Thumb Code     8  ac_component.o(i.Set_time_busy)
    Set_time_collide                         0x0800447d   Thumb Code     8  ac_component.o(i.Set_time_collide)
    Set_time_e8                              0x08004489   Thumb Code     8  ac_component.o(i.Set_time_e8)
    StateCheck                               0x08004495   Thumb Code    86  wifi.o(i.StateCheck)
    SysTick_Handler                          0x080044f1   Thumb Code    30  port.o(i.SysTick_Handler)
    SystemInit                               0x08004515   Thumb Code    74  system_stm32f4xx.o(i.SystemInit)
    TIM7_IRQHandler                          0x08004571   Thumb Code   188  timer.o(i.TIM7_IRQHandler)
    TIM_ARRPreloadConfig                     0x08004639   Thumb Code    20  stm32f4xx_tim.o(i.TIM_ARRPreloadConfig)
    TIM_ClearITPendingBit                    0x0800464d   Thumb Code     6  stm32f4xx_tim.o(i.TIM_ClearITPendingBit)
    TIM_Cmd                                  0x08004653   Thumb Code    20  stm32f4xx_tim.o(i.TIM_Cmd)
    TIM_GetFlagStatus                        0x08004667   Thumb Code    14  stm32f4xx_tim.o(i.TIM_GetFlagStatus)
    TIM_OC1Init                              0x08004675   Thumb Code    88  stm32f4xx_tim.o(i.TIM_OC1Init)
    TIM_OC1PreloadConfig                     0x080046d5   Thumb Code    12  stm32f4xx_tim.o(i.TIM_OC1PreloadConfig)
    TIM_TimeBaseInit                         0x080046e1   Thumb Code    96  stm32f4xx_tim.o(i.TIM_TimeBaseInit)
    TX_GPIO_Configuration                    0x0800475d   Thumb Code    52  ac_component.o(i.TX_GPIO_Configuration)
    TaskReceive                              0x08004795   Thumb Code    16  dc_protocol.o(i.TaskReceive)
    Tem_Rh_Gpio_Init                         0x080047a5   Thumb Code    64  tem_rh.o(i.Tem_Rh_Gpio_Init)
    Test_Two_Mermory_Same_Or_Not             0x080047e9   Thumb Code    30  flash.o(i.Test_Two_Mermory_Same_Or_Not)
    Touch_task                               0x08004809   Thumb Code    72  main.o(i.Touch_task)
    USART1_IRQHandler                        0x08004869   Thumb Code    66  wifi.o(i.USART1_IRQHandler)
    USART6_IRQHandler                        0x080048bd   Thumb Code    30  debug_uart.o(i.USART6_IRQHandler)
    USART_ClearFlag                          0x080048e1   Thumb Code     6  stm32f4xx_usart.o(i.USART_ClearFlag)
    USART_ClockInit                          0x080048e7   Thumb Code    28  stm32f4xx_usart.o(i.USART_ClockInit)
    USART_ClockStructInit                    0x08004903   Thumb Code    12  stm32f4xx_usart.o(i.USART_ClockStructInit)
    USART_Cmd                                0x0800490f   Thumb Code    20  stm32f4xx_usart.o(i.USART_Cmd)
    USART_GetFlagStatus                      0x08004923   Thumb Code    14  stm32f4xx_usart.o(i.USART_GetFlagStatus)
    USART_GetITStatus                        0x08004931   Thumb Code    62  stm32f4xx_usart.o(i.USART_GetITStatus)
    USART_ITConfig                           0x0800496f   Thumb Code    48  stm32f4xx_usart.o(i.USART_ITConfig)
    USART_Init                               0x080049a1   Thumb Code   174  stm32f4xx_usart.o(i.USART_Init)
    USART_ReceiveData                        0x08004a59   Thumb Code     8  stm32f4xx_usart.o(i.USART_ReceiveData)
    USART_SendData                           0x08004a61   Thumb Code     8  stm32f4xx_usart.o(i.USART_SendData)
    USART_StructInit                         0x08004a69   Thumb Code    22  stm32f4xx_usart.o(i.USART_StructInit)
    Uart_Configuration                       0x08004a81   Thumb Code   218  ac_component.o(i.Uart_Configuration)
    Uart_putchar                             0x08004b65   Thumb Code    26  ac_component.o(i.Uart_putchar)
    Uart_putstr                              0x08004b85   Thumb Code    38  ac_component.o(i.Uart_putstr)
    UhomeCom_1toX                            0x08004bad   Thumb Code   208  wifi.o(i.UhomeCom_1toX)
    UhomeSetIdenty                           0x08004e45   Thumb Code    46  wifi.o(i.UhomeSetIdenty)
    UhomeSetMacAddress                       0x08004e7d   Thumb Code    22  wifi.o(i.UhomeSetMacAddress)
    UhomeWifi_Config                         0x08005091   Thumb Code    32  wifi.o(i.UhomeWifi_Config)
    UhomeWifi_Normal                         0x080050b9   Thumb Code    32  wifi.o(i.UhomeWifi_Normal)
    UsageFault_Handler                       0x080050e1   Thumb Code     2  stm32f4xx_it.o(i.UsageFault_Handler)
    Wait_busfree                             0x0800515d   Thumb Code    44  ac_component.o(i.Wait_busfree)
    Wifi_GPIO_Init                           0x0800518d   Thumb Code    96  wifi.o(i.Wifi_GPIO_Init)
    Wifi_Uart_Init                           0x080051f1   Thumb Code   100  wifi.o(i.Wifi_Uart_Init)
    Wifi_Uart_SendByte                       0x08005259   Thumb Code    26  wifi.o(i.Wifi_Uart_SendByte)
    Wifi_Uart_SendData                       0x08005279   Thumb Code    22  wifi.o(i.Wifi_Uart_SendData)
    Wifi_task                                0x08005291   Thumb Code    28  main.o(i.Wifi_task)
    _is_digit                                0x080052c5   Thumb Code    14  __printf_wp.o(i._is_digit)
    f_GetCodeKey                             0x080052d5   Thumb Code    28  netendecode.o(i.f_GetCodeKey)
    f_GetDecodeData                          0x080052f9   Thumb Code    32  netendecode.o(i.f_GetDecodeData)
    f_GetEncodeData                          0x0800531d   Thumb Code    32  netendecode.o(i.f_GetEncodeData)
    fputc                                    0x08005341   Thumb Code    26  fputc.o(i.fputc)
    getElecLevel                             0x0800535b   Thumb Code    10  dc_config.o(i.getElecLevel)
    isStateChg                               0x08005365   Thumb Code    22  wifi.o(i.isStateChg)
    main                                     0x08005381   Thumb Code   128  main.o(i.main)
    ms_Delay                                 0x0800544d   Thumb Code    28  main.o(i.ms_Delay)
    pvPortMalloc                             0x080058b5   Thumb Code   140  heap_4.o(i.pvPortMalloc)
    pxPortInitialiseStack                    0x08005945   Thumb Code    34  port.o(i.pxPortInitialiseStack)
    queue_init                               0x08005969   Thumb Code   102  main.o(i.queue_init)
    rtc_init                                 0x080059d5   Thumb Code    86  rtc.o(i.rtc_init)
    uart_init                                0x08005a2d   Thumb Code   218  debug_uart.o(i.uart_init)
    uart_putchar                             0x08005b11   Thumb Code    26  debug_uart.o(i.uart_putchar)
    uart_putstr                              0x08005b31   Thumb Code    38  debug_uart.o(i.uart_putstr)
    us_Delay                                 0x08005b57   Thumb Code    20  main.o(i.us_Delay)
    uxListRemove                             0x08005b6b   Thumb Code    36  list.o(i.uxListRemove)
    uxQueueMessagesWaiting                   0x08005b8f   Thumb Code    18  queue.o(i.uxQueueMessagesWaiting)
    vListInitialise                          0x08005ba1   Thumb Code    22  list.o(i.vListInitialise)
    vListInitialiseItem                      0x08005bb7   Thumb Code     6  list.o(i.vListInitialiseItem)
    vListInsert                              0x08005bbd   Thumb Code    48  list.o(i.vListInsert)
    vListInsertEnd                           0x08005bed   Thumb Code    24  list.o(i.vListInsertEnd)
    vPortEnterCritical                       0x08005c05   Thumb Code    24  port.o(i.vPortEnterCritical)
    vPortExitCritical                        0x08005c21   Thumb Code    16  port.o(i.vPortExitCritical)
    vPortFree                                0x08005c35   Thumb Code    58  heap_4.o(i.vPortFree)
    vPortSetupTimerInterrupt                 0x08005c75   Thumb Code    14  port.o(i.vPortSetupTimerInterrupt)
    vPortYield                               0x08005c89   Thumb Code    18  port.o(i.vPortYield)
    vQueueWaitForMessageRestricted           0x08005ca1   Thumb Code    58  queue.o(i.vQueueWaitForMessageRestricted)
    vTaskCntTime                             0x08005cdd   Thumb Code    56  ac_component.o(i.vTaskCntTime)
    vTaskDelay                               0x08005d2d   Thumb Code    48  tasks.o(i.vTaskDelay)
    vTaskDelete                              0x08005d61   Thumb Code    78  tasks.o(i.vTaskDelete)
    vTaskFillFrame                           0x08005db9   Thumb Code   228  ac_tx.o(i.vTaskFillFrame)
    vTaskMissedYield                         0x08005ec9   Thumb Code     8  tasks.o(i.vTaskMissedYield)
    vTaskPlaceOnEventList                    0x08005ed5   Thumb Code    52  tasks.o(i.vTaskPlaceOnEventList)
    vTaskPlaceOnEventListRestricted          0x08005f11   Thumb Code    34  tasks.o(i.vTaskPlaceOnEventListRestricted)
    vTaskPrime                               0x08005f39   Thumb Code   240  ac_prime.o(i.vTaskPrime)
    vTaskPriorityDisinherit                  0x08006081   Thumb Code    64  tasks.o(i.vTaskPriorityDisinherit)
    vTaskPriorityInherit                     0x080060c9   Thumb Code    92  tasks.o(i.vTaskPriorityInherit)
    vTaskRecv                                0x0800612d   Thumb Code   100  ac_rx.o(i.vTaskRecv)
    vTaskSendPrimeFrame                      0x080061bd   Thumb Code    50  ac_tx.o(i.vTaskSendPrimeFrame)
    vTaskSendTpFrame                         0x08006215   Thumb Code   154  ac_tx.o(i.vTaskSendTpFrame)
    vTaskSetTimeOutState                     0x08006325   Thumb Code    12  tasks.o(i.vTaskSetTimeOutState)
    vTaskStartScheduler                      0x08006335   Thumb Code    58  tasks.o(i.vTaskStartScheduler)
    vTaskSuspendAll                          0x08006381   Thumb Code    10  tasks.o(i.vTaskSuspendAll)
    vTaskSwitchContext                       0x08006391   Thumb Code    66  tasks.o(i.vTaskSwitchContext)
    xPortStartScheduler                      0x080063dd   Thumb Code    52  port.o(i.xPortStartScheduler)
    xQueueCreateMutex                        0x0800641d   Thumb Code    74  queue.o(i.xQueueCreateMutex)
    xQueueGenericCreate                      0x08006467   Thumb Code    72  queue.o(i.xQueueGenericCreate)
    xQueueGenericReceive                     0x080064af   Thumb Code   258  queue.o(i.xQueueGenericReceive)
    xQueueGenericReset                       0x080065b1   Thumb Code    96  queue.o(i.xQueueGenericReset)
    xQueueGenericSend                        0x08006611   Thumb Code   214  queue.o(i.xQueueGenericSend)
    xQueueGenericSendFromISR                 0x080066e7   Thumb Code    98  queue.o(i.xQueueGenericSendFromISR)
    xTaskCheckForTimeOut                     0x08006749   Thumb Code    66  tasks.o(i.xTaskCheckForTimeOut)
    xTaskGenericCreate                       0x08006791   Thumb Code   350  tasks.o(i.xTaskGenericCreate)
    xTaskGetCurrentTaskHandle                0x080068fd   Thumb Code     6  tasks.o(i.xTaskGetCurrentTaskHandle)
    xTaskGetSchedulerState                   0x08006909   Thumb Code    22  tasks.o(i.xTaskGetSchedulerState)
    xTaskGetTickCount                        0x08006925   Thumb Code    18  tasks.o(i.xTaskGetTickCount)
    xTaskIncrementTick                       0x0800693d   Thumb Code   182  tasks.o(i.xTaskIncrementTick)
    xTaskRemoveFromEventList                 0x080069fd   Thumb Code    78  tasks.o(i.xTaskRemoveFromEventList)
    xTaskResumeAll                           0x08006a59   Thumb Code   162  tasks.o(i.xTaskResumeAll)
    xTimerCreateTimerTask                    0x08006b05   Thumb Code    46  timers.o(i.xTimerCreateTimerTask)
    xTimerGenericCommand                     0x08006b45   Thumb Code    66  timers.o(i.xTimerGenericCommand)
    xTimerIsTimerActive                      0x08006b8d   Thumb Code    26  timers.o(i.xTimerIsTimerActive)
    _fp_init                                 0x08006ba7   Thumb Code    10  fpinit.o(x$fpl$fpinit)
    __fplib_config_fpu_vfp                   0x08006baf   Thumb Code     0  fpinit.o(x$fpl$fpinit)
    __fplib_config_pureend_doubles           0x08006baf   Thumb Code     0  fpinit.o(x$fpl$fpinit)
    TABLE_CODE_KEY                           0x08006bb0   Data         256  netendecode.o(.constdata)
    __stdin_name                             0x08006cd8   Data           4  sys_io.o(.constdata)
    __stdout_name                            0x08006cdc   Data           4  sys_io.o(.constdata)
    __stderr_name                            0x08006ce0   Data           4  sys_io.o(.constdata)
    Region$$Table$$Base                      0x08006ce4   Number         0  anon$$obj.o(Region$$Table)
    Region$$Table$$Limit                     0x08006d04   Number         0  anon$$obj.o(Region$$Table)
    SystemCoreClock                          0x20000000   Data           4  system_stm32f4xx.o(.data)
    AHBPrescTable                            0x20000004   Data          16  system_stm32f4xx.o(.data)
    pxCurrentTCB                             0x20000024   Data           4  tasks.o(.data)
    s_xSemaphore                             0x20000088   Data           4  ethernetif.o(.data)
    RTC_DateStruct_get                       0x20000090   Data           4  main.o(.data)
    RTC_TimeStruct_get                       0x20000094   Data           4  main.o(.data)
    WifiSendQueue                            0x20000098   Data           4  main.o(.data)
    WifiReceQueue                            0x2000009c   Data           4  main.o(.data)
    DCSendQueue                              0x200000a0   Data           4  main.o(.data)
    DCReceQueue                              0x200000a4   Data           4  main.o(.data)
    ACSendQueue                              0x200000a8   Data           4  main.o(.data)
    ACReceQueue                              0x200000ac   Data           4  main.o(.data)
    TouchSendQueue                           0x200000b0   Data           4  main.o(.data)
    TouchReceQueue                           0x200000b4   Data           4  main.o(.data)
    air_condition_current                    0x200000b8   Data          26  main.o(.data)
    CFlag                                    0x200000d3   Data           1  dc_protocol.o(.data)
    BUS_STAYUS                               0x200000d4   Data           1  dc_protocol.o(.data)
    xTimerMain                               0x200000ec   Data           4  dc_timer.o(.data)
    xTimerInit                               0x200000f0   Data           4  dc_timer.o(.data)
    xTimerSend                               0x200000f4   Data           4  dc_timer.o(.data)
    InterruptOccurWhenFlashOperatorFlag      0x200000f8   Data           1  flash.o(.data)
    FlashIoStatus                            0x200000f9   Data           1  flash.o(.data)
    FlashCeStatus                            0x200000fa   Data           1  flash.o(.data)
    FlashWorkFlag_union                      0x200000fb   Data           1  flash.o(.data)
    BlockPicSize                             0x200000fc   Data           2  flash.o(.data)
    BlockBadSize                             0x200000fe   Data           2  flash.o(.data)
    temp_summer_length                       0x20000100   Data           2  flash.o(.data)
    temp_spring_length                       0x20000102   Data           2  flash.o(.data)
    temp_winter_length                       0x20000104   Data           2  flash.o(.data)
    temp_summer_head                         0x20000108   Data           4  flash.o(.data)
    temp_summer_p                            0x2000010c   Data           4  flash.o(.data)
    temp_spring_head                         0x20000110   Data           4  flash.o(.data)
    temp_spring_p                            0x20000114   Data           4  flash.o(.data)
    temp_winter_head                         0x20000118   Data           4  flash.o(.data)
    temp_winter_p                            0x2000011c   Data           4  flash.o(.data)
    FlashIoOutputValue_Union                 0x20000120   Data           4  flash.o(.data)
    FlashIoInputValue_Union                  0x20000124   Data           4  flash.o(.data)
    Led_NO                                   0x20000128   Data           1  led_buzzer.o(.data)
    led_up                                   0x20000129   Data           1  led_buzzer.o(.data)
    low_time                                 0x2000012a   Data           1  led_buzzer.o(.data)
    Breath_Colour                            0x2000012b   Data           1  led_buzzer.o(.data)
    CCR4_Val                                 0x2000012c   Data           2  led_buzzer.o(.data)
    RTC_Error                                0x20000130   Data           1  rtc.o(.data)
    alarm_now                                0x20000131   Data           1  rtc.o(.data)
    RTC_HandlerFlag                          0x20000132   Data           1  rtc.o(.data)
    CaptureNumber                            0x20000134   Data           4  rtc.o(.data)
    PeriodValue                              0x20000138   Data           4  rtc.o(.data)
    TimeShortFlag                            0x2000013c   Data           1  timer.o(.data)
    MainTimerFlag                            0x20000142   Data           2  timer.o(.data)
    ThermoOnOffTimeSec                       0x20000144   Data           4  timer.o(.data)
    INVOnOffTimeSec                          0x20000148   Data           4  timer.o(.data)
    isWifiValid                              0x20000151   Data           1  wifi.o(.data)
    UhomeIsEn                                0x20000153   Data           1  wifi.o(.data)
    UhomePassMethod                          0x20000154   Data           1  wifi.o(.data)
    UhomeWifiConfig                          0x20000155   Data           1  wifi.o(.data)
    UhomeWifiNormal                          0x20000156   Data           1  wifi.o(.data)
    AlarmAck                                 0x2000015c   Data           1  wifi.o(.data)
    ReportAck                                0x2000015d   Data           1  wifi.o(.data)
    Ack65                                    0x2000015e   Data           1  wifi.o(.data)
    UhomePassParameter                       0x20000162   Data           2  wifi.o(.data)
    ReportIntTmr                             0x20000164   Data           2  wifi.o(.data)
    ReportIntTmrReceive                      0x20000166   Data           2  wifi.o(.data)
    AirConditionData                         0x20000168   Data           6  wifi.o(.data)
    AirConditionReceiveData                  0x2000016e   Data           6  wifi.o(.data)
    MACADDRESS                               0x2000017a   Data          17  wifi.o(.data)
    WIFICONFIG                               0x2000018b   Data          12  wifi.o(.data)
    WIFINORMAL                               0x20000197   Data          12  wifi.o(.data)
    clientID                                 0x200001a4   Data           1  ac_component.o(.data)
    busy                                     0x200001a5   Data           1  ac_component.o(.data)
    ack                                      0x200001a6   Data           1  ac_component.o(.data)
    primeframe                               0x200001a7   Data           1  ac_component.o(.data)
    ret_send                                 0x200001a8   Data           1  ac_component.o(.data)
    flag_aa                                  0x200001a9   Data           1  ac_component.o(.data)
    flag_sub                                 0x200001aa   Data           1  ac_component.o(.data)
    time_e8                                  0x200001ac   Data           2  ac_component.o(.data)
    time_collide                             0x200001ae   Data           2  ac_component.o(.data)
    time_busy                                0x200001b0   Data           2  ac_component.o(.data)
    here                                     0x200001b2   Data           2  ac_component.o(.data)
    a1twice                                  0x200001b4   Data           2  ac_component.o(.data)
    a2param                                  0x200001b6   Data           2  ac_component.o(.data)
    Buf_A2_OUT                               0x200001b8   Data           3  ac_component.o(.data)
    Buf_A3_OUT                               0x200001bb   Data           3  ac_component.o(.data)
    Buf_A4_OUT                               0x200001be   Data           4  ac_component.o(.data)
    Buf_A3_IN                                0x200001c2   Data           4  ac_component.o(.data)
    xqh_One                                  0x200001c8   Data           4  ac_component.o(.data)
    xqh_Tpdata                               0x200001cc   Data           4  ac_component.o(.data)
    xqh_Tpframe                              0x200001d0   Data           4  ac_component.o(.data)
    xqh_Two                                  0x200001d4   Data           4  ac_component.o(.data)
    th_PrimeLoc                              0x200001d8   Data           4  ac_component.o(.data)
    th_Primeframe_Send                       0x200001dc   Data           4  ac_component.o(.data)
    th_Fill_Tpframe                          0x200001e0   Data           4  ac_component.o(.data)
    th_Tpframe_Send                          0x200001e4   Data           4  ac_component.o(.data)
    xsh_flag_aa                              0x200001e8   Data           4  ac_component.o(.data)
    Buf_A1_OUT                               0x200001ec   Data           7  ac_component.o(.data)
    Buf_A1_OUT_Prime                         0x200001f3   Data           7  ac_component.o(.data)
    Buf_A1_IN                                0x200001fa   Data           8  ac_component.o(.data)
    send_param                               0x20000204   Data           8  ac_component.o(.data)
    exti9flag                                0x2000020c   Data           1  ac_component.o(.data)
    __aeabi_stdin                            0x2000021c   Data           4  stdio_streams.o(.data)
    __aeabi_stdout                           0x20000220   Data           4  stdio_streams.o(.data)
    __aeabi_stderr                           0x20000224   Data           4  stdio_streams.o(.data)
    user_data                                0x2000a3b2   Data          26  flash.o(.bss)
    BlockPic                                 0x2000a3cc   Data        4000  flash.o(.bss)
    BlockBadList                             0x2000b36c   Data          20  flash.o(.bss)
    u8_NetCodeKeyBuf                         0x2000b380   Data          16  netendecode.o(.bss)
    RTC_InitStructure                        0x2000b390   Data          12  rtc.o(.bss)
    TimerBuffer                              0x2000b39c   Data         256  timer.o(.bss)
    TimerBase                                0x2000b49c   Data          32  timer.o(.bss)
    TimerBase_Short                          0x2000b4bc   Data          32  timer.o(.bss)
    TimerTasks                               0x2000b4dc   Data          64  timer.o(.bss)
    FastTimerBuffer                          0x2000b51c   Data          18  timer.o(.bss)
    IU                                       0x2000b786   Data        8960  wifi.o(.bss)
    UhomeIuErr                               0x2000da86   Data         768  wifi.o(.bss)
    existlevel                               0x2000dd86   Data          16  ac_component.o(.bss)
    sendingbuf                               0x2000dd96   Data          10  ac_component.o(.bss)
    Buf_A2_IN                                0x2000dda0   Data           9  ac_component.o(.bss)
    recvedbuf                                0x2000dda9   Data          10  ac_component.o(.bss)
    Registing                                0x2000ddb3   Data         144  ac_component.o(.bss)
    __stdin                                  0x2000de44   Data          84  stdio_streams.o(.bss)
    __stdout                                 0x2000de98   Data          84  stdio_streams.o(.bss)
    __stderr                                 0x2000deec   Data          84  stdio_streams.o(.bss)
    __libspace_start                         0x2000df40   Data          96  libspace.o(.bss)
    __temporary_stack_top$libspace           0x2000dfa0   Data           0  libspace.o(.bss)



==============================================================================

Memory Map of the image

  Image Entry point : 0x080001ad

  Load Region LR_IROM1 (Base: 0x08000000, Size: 0x00006f2c, Max: 0x00200000, ABSOLUTE, COMPRESSED[0x00006d5c])

    Execution Region ER_IROM1 (Base: 0x08000000, Size: 0x00006d04, Max: 0x00200000, ABSOLUTE)

    Base Addr    Size         Type   Attr      Idx    E Section Name        Object

    0x08000000   0x000001ac   Data   RO            3    RESET               startup_stm32f429x.o
    0x080001ac   0x00000008   Code   RO        10940  * !!!main             c_w.l(__main.o)
    0x080001b4   0x00000034   Code   RO        11316    !!!scatter          c_w.l(__scatter.o)
    0x080001e8   0x0000005a   Code   RO        11314    !!dczerorl2         c_w.l(__dczerorl2.o)
    0x08000242   0x00000002   PAD
    0x08000244   0x0000001c   Code   RO        11318    !!handler_zi        c_w.l(__scatter_zi.o)
    0x08000260   0x00000000   Code   RO        10923    .ARM.Collect$$_printf_percent$$00000000  c_w.l(_printf_percent.o)
    0x08000260   0x00000006   Code   RO        10920    .ARM.Collect$$_printf_percent$$0000000C  c_w.l(_printf_x.o)
    0x08000266   0x00000004   Code   RO        11016    .ARM.Collect$$_printf_percent$$00000017  c_w.l(_printf_percent_end.o)
    0x0800026a   0x00000002   Code   RO        11225    .ARM.Collect$$libinit$$00000000  c_w.l(libinit.o)
    0x0800026c   0x00000004   Code   RO        11025    .ARM.Collect$$libinit$$00000001  c_w.l(libinit2.o)
    0x08000270   0x00000008   Code   RO        11027    .ARM.Collect$$libinit$$00000003  c_w.l(libinit2.o)
    0x08000278   0x00000000   Code   RO        11029    .ARM.Collect$$libinit$$00000008  c_w.l(libinit2.o)
    0x08000278   0x00000000   Code   RO        11031    .ARM.Collect$$libinit$$0000000A  c_w.l(libinit2.o)
    0x08000278   0x00000000   Code   RO        11033    .ARM.Collect$$libinit$$0000000C  c_w.l(libinit2.o)
    0x08000278   0x00000000   Code   RO        11036    .ARM.Collect$$libinit$$0000000F  c_w.l(libinit2.o)
    0x08000278   0x00000000   Code   RO        11038    .ARM.Collect$$libinit$$00000011  c_w.l(libinit2.o)
    0x08000278   0x00000000   Code   RO        11040    .ARM.Collect$$libinit$$00000013  c_w.l(libinit2.o)
    0x08000278   0x00000000   Code   RO        11042    .ARM.Collect$$libinit$$00000015  c_w.l(libinit2.o)
    0x08000278   0x00000000   Code   RO        11044    .ARM.Collect$$libinit$$00000017  c_w.l(libinit2.o)
    0x08000278   0x00000000   Code   RO        11046    .ARM.Collect$$libinit$$00000019  c_w.l(libinit2.o)
    0x08000278   0x00000000   Code   RO        11048    .ARM.Collect$$libinit$$0000001B  c_w.l(libinit2.o)
    0x08000278   0x00000000   Code   RO        11050    .ARM.Collect$$libinit$$0000001D  c_w.l(libinit2.o)
    0x08000278   0x00000000   Code   RO        11052    .ARM.Collect$$libinit$$0000001F  c_w.l(libinit2.o)
    0x08000278   0x00000000   Code   RO        11054    .ARM.Collect$$libinit$$00000021  c_w.l(libinit2.o)
    0x08000278   0x00000004   Code   RO        11055    .ARM.Collect$$libinit$$00000022  c_w.l(libinit2.o)
    0x0800027c   0x00000000   Code   RO        11056    .ARM.Collect$$libinit$$00000023  c_w.l(libinit2.o)
    0x0800027c   0x00000000   Code   RO        11060    .ARM.Collect$$libinit$$0000002A  c_w.l(libinit2.o)
    0x0800027c   0x00000000   Code   RO        11062    .ARM.Collect$$libinit$$0000002C  c_w.l(libinit2.o)
    0x0800027c   0x00000000   Code   RO        11064    .ARM.Collect$$libinit$$0000002E  c_w.l(libinit2.o)
    0x0800027c   0x00000000   Code   RO        11066    .ARM.Collect$$libinit$$00000030  c_w.l(libinit2.o)
    0x0800027c   0x00000002   Code   RO        11067    .ARM.Collect$$libinit$$00000031  c_w.l(libinit2.o)
    0x0800027e   0x00000002   Code   RO        11311    .ARM.Collect$$libshutdown$$00000000  c_w.l(libshutdown.o)
    0x08000280   0x00000004   Code   RO        11227    .ARM.Collect$$libshutdown$$00000002  c_w.l(libshutdown2.o)
    0x08000284   0x00000000   Code   RO        11228    .ARM.Collect$$libshutdown$$00000003  c_w.l(libshutdown2.o)
    0x08000284   0x00000000   Code   RO        11231    .ARM.Collect$$libshutdown$$00000006  c_w.l(libshutdown2.o)
    0x08000284   0x00000000   Code   RO        11234    .ARM.Collect$$libshutdown$$00000009  c_w.l(libshutdown2.o)
    0x08000284   0x00000000   Code   RO        11236    .ARM.Collect$$libshutdown$$0000000B  c_w.l(libshutdown2.o)
    0x08000284   0x00000000   Code   RO        11239    .ARM.Collect$$libshutdown$$0000000E  c_w.l(libshutdown2.o)
    0x08000284   0x00000002   Code   RO        11240    .ARM.Collect$$libshutdown$$0000000F  c_w.l(libshutdown2.o)
    0x08000286   0x00000000   Code   RO        10976    .ARM.Collect$$rtentry$$00000000  c_w.l(rtentry.o)
    0x08000286   0x00000000   Code   RO        11085    .ARM.Collect$$rtentry$$00000002  c_w.l(rtentry2.o)
    0x08000286   0x00000006   Code   RO        11097    .ARM.Collect$$rtentry$$00000004  c_w.l(rtentry4.o)
    0x0800028c   0x00000000   Code   RO        11087    .ARM.Collect$$rtentry$$00000009  c_w.l(rtentry2.o)
    0x0800028c   0x00000004   Code   RO        11088    .ARM.Collect$$rtentry$$0000000A  c_w.l(rtentry2.o)
    0x08000290   0x00000000   Code   RO        11090    .ARM.Collect$$rtentry$$0000000C  c_w.l(rtentry2.o)
    0x08000290   0x00000008   Code   RO        11091    .ARM.Collect$$rtentry$$0000000D  c_w.l(rtentry2.o)
    0x08000298   0x00000002   Code   RO        11245    .ARM.Collect$$rtexit$$00000000  c_w.l(rtexit.o)
    0x0800029a   0x00000000   Code   RO        11272    .ARM.Collect$$rtexit$$00000002  c_w.l(rtexit2.o)
    0x0800029a   0x00000004   Code   RO        11273    .ARM.Collect$$rtexit$$00000003  c_w.l(rtexit2.o)
    0x0800029e   0x00000006   Code   RO        11274    .ARM.Collect$$rtexit$$00000004  c_w.l(rtexit2.o)
    0x080002a4   0x000000ae   Code   RO         5450    .emb_text           port.o
    0x08000352   0x00000002   PAD
    0x08000354   0x00000000   Code   RO        11106    .emb_text           c_w.l(maybetermalloc1.o)
    0x08000354   0x00000040   Code   RO            4    .text               startup_stm32f429x.o
    0x08000394   0x0000005e   Code   RO        10814    .text               c_w.l(h1_alloc.o)
    0x080003f2   0x00000002   PAD
    0x080003f4   0x00000018   Code   RO        10870    .text               c_w.l(noretval__2printf.o)
    0x0800040c   0x0000005c   Code   RO        10881    .text               c_w.l(_printf_hex_int.o)
    0x08000468   0x0000010e   Code   RO        10907    .text               c_w.l(__printf_wp.o)
    0x08000576   0x00000058   Code   RO        10924    .text               c_w.l(memcmp.o)
    0x080005ce   0x0000003e   Code   RO        10926    .text               c_w.l(strlen.o)
    0x0800060c   0x0000008a   Code   RO        10928    .text               c_w.l(rt_memcpy_v6.o)
    0x08000696   0x00000064   Code   RO        10930    .text               c_w.l(rt_memcpy_w.o)
    0x080006fa   0x00000010   Code   RO        10932    .text               c_w.l(aeabi_memset.o)
    0x0800070a   0x00000044   Code   RO        10934    .text               c_w.l(rt_memclr.o)
    0x0800074e   0x0000004e   Code   RO        10936    .text               c_w.l(rt_memclr_w.o)
    0x0800079c   0x00000006   Code   RO        10938    .text               c_w.l(heapauxi.o)
    0x080007a2   0x00000002   PAD
    0x080007a4   0x00000008   Code   RO        10980    .text               c_w.l(rt_heap_descriptor_intlibspace.o)
    0x080007ac   0x00000004   Code   RO        10982    .text               c_w.l(hguard.o)
    0x080007b0   0x0000008a   Code   RO        10984    .text               c_w.l(init_alloc.o)
    0x0800083a   0x0000000e   Code   RO        10990    .text               c_w.l(h1_init.o)
    0x08000848   0x0000004e   Code   RO        10992    .text               c_w.l(h1_free.o)
    0x08000896   0x000000b8   Code   RO        11008    .text               c_w.l(_printf_intcommon.o)
    0x0800094e   0x00000002   PAD
    0x08000950   0x00000024   Code   RO        11014    .text               c_w.l(_printf_char_file.o)
    0x08000974   0x00000008   Code   RO        11081    .text               c_w.l(libspace.o)
    0x0800097c   0x00000034   Code   RO        11108    .text               c_w.l(h1_extend.o)
    0x080009b0   0x00000030   Code   RO        11114    .text               c_w.l(_printf_char_common.o)
    0x080009e0   0x00000008   Code   RO        11143    .text               c_w.l(ferror.o)
    0x080009e8   0x00000138   Code   RO        11149    .text               c_w.l(initio.o)
    0x08000b20   0x0000000e   Code   RO        11160    .text               c_w.l(defsig_rtmem_outer.o)
    0x08000b2e   0x00000066   Code   RO        11175    .text               c_w.l(sys_io.o)
    0x08000b94   0x00000002   Code   RO        11180    .text               c_w.l(use_no_semi.o)
    0x08000b96   0x00000000   Code   RO        11182    .text               c_w.l(indicate_semi.o)
    0x08000b96   0x0000004a   Code   RO        11183    .text               c_w.l(sys_stackheap_outer.o)
    0x08000be0   0x000001de   Code   RO        11191    .text               c_w.l(flsbuf.o)
    0x08000dbe   0x00000046   Code   RO        11193    .text               c_w.l(setvbuf.o)
    0x08000e04   0x000000ec   Code   RO        11196    .text               c_w.l(fopen.o)
    0x08000ef0   0x0000004c   Code   RO        11198    .text               c_w.l(fclose.o)
    0x08000f3c   0x0000000c   Code   RO        11204    .text               c_w.l(exit.o)
    0x08000f48   0x0000000a   Code   RO        11206    .text               c_w.l(defsig_exit.o)
    0x08000f52   0x0000000e   Code   RO        11208    .text               c_w.l(defsig_rtred_outer.o)
    0x08000f60   0x00000050   Code   RO        11212    .text               c_w.l(defsig_rtmem_inner.o)
    0x08000fb0   0x0000000c   Code   RO        11243    .text               c_w.l(sys_exit.o)
    0x08000fbc   0x000000f8   Code   RO        11253    .text               c_w.l(fseek.o)
    0x080010b4   0x000000f0   Code   RO        11255    .text               c_w.l(stdio.o)
    0x080011a4   0x00000032   Code   RO        11263    .text               c_w.l(defsig_general.o)
    0x080011d6   0x00000002   PAD
    0x080011d8   0x00000034   Code   RO        11265    .text               c_w.l(defsig_rtred_inner.o)
    0x0800120c   0x0000000e   Code   RO        11269    .text               c_w.l(sys_wrch.o)
    0x0800121a   0x00000046   Code   RO        11282    .text               c_w.l(ftell.o)
    0x08001260   0x00000008   Code   RO        11293    .text               c_w.l(rt_errno_addr_intlibspace.o)
    0x08001268   0x00000054   Code   RO        10112    i.AlarmTmrRun       wifi.o
    0x080012bc   0x00000078   Code   RO        10650    i.Analysis          ac_rx.o
    0x08001334   0x00000078   Code   RO        10651    i.AnalysisA1        ac_rx.o
    0x080013ac   0x00000044   Code   RO        10653    i.AnalysisA2        ac_rx.o
    0x080013f0   0x0000003c   Code   RO        10654    i.AnalysisA3        ac_rx.o
    0x0800142c   0x000000b4   Code   RO         8777    i.AnalysisCmd       dc_protocol.o
    0x080014e0   0x00000014   Code   RO        10310    i.Ascend_primeframe  ac_component.o
    0x080014f4   0x00000084   Code   RO         9518    i.Blu_Led_Pwm       led_buzzer.o
    0x08001578   0x00000048   Code   RO         9519    i.Blu_Pwm_GPIO_Config  led_buzzer.o
    0x080015c0   0x00000002   Code   RO         9802    i.BusFault_Handler  stm32f4xx_it.o
    0x080015c2   0x0000001a   Code   RO         8778    i.CheckFunction     dc_protocol.o
    0x080015dc   0x0000001e   Code   RO        10311    i.CheckingSum       ac_component.o
    0x080015fa   0x00000010   Code   RO         8779    i.CmdCopy           dc_protocol.o
    0x0800160a   0x00000002   PAD
    0x0800160c   0x00000034   Code   RO         8716    i.DC_USART_SendBuf  dc_config.o
    0x08001640   0x00000038   Code   RO         8007    i.DC_task           main.o
    0x08001678   0x0000005c   Code   RO        10113    i.DeCode            wifi.o
    0x080016d4   0x00000002   Code   RO         9803    i.DebugMon_Handler  stm32f4xx_it.o
    0x080016d6   0x00000002   PAD
    0x080016d8   0x00000014   Code   RO        10312    i.Descend_existlevel  ac_component.o
    0x080016ec   0x0000000c   Code   RO         8194    i.ETH_DMAClearITPendingBit  stm32f4x7_eth.o
    0x080016f8   0x00000014   Code   RO         8217    i.ETH_GetDMAFlagStatus  stm32f4x7_eth.o
    0x0800170c   0x00000044   Code   RO         9804    i.ETH_IRQHandler    stm32f4xx_it.o
    0x08001750   0x00000034   Code   RO         8783    i.EXTI1_IRQHandler  dc_protocol.o
    0x08001784   0x00000064   Code   RO        10655    i.EXTI9_5_IRQHandler  ac_rx.o
    0x080017e8   0x0000000c   Code   RO         1410    i.EXTI_ClearITPendingBit  stm32f4xx_exti.o
    0x080017f4   0x00000070   Code   RO         1415    i.EXTI_Init         stm32f4xx_exti.o
    0x08001864   0x0000000e   Code   RO         1416    i.EXTI_StructInit   stm32f4xx_exti.o
    0x08001872   0x00000002   PAD
    0x08001874   0x0000005c   Code   RO        10114    i.EnCode            wifi.o
    0x080018d0   0x0000013c   Code   RO        10585    i.Fetch_Params      ac_prime.o
    0x08001a0c   0x0000014c   Code   RO        10586    i.Fetch_Speset      ac_prime.o
    0x08001b58   0x00000044   Code   RO        10735    i.FillA1            ac_tx.o
    0x08001b9c   0x00000054   Code   RO        10736    i.FillA1Sg          ac_tx.o
    0x08001bf0   0x00000028   Code   RO        10737    i.FillA2            ac_tx.o
    0x08001c18   0x00000028   Code   RO        10738    i.FillA3            ac_tx.o
    0x08001c40   0x0000014c   Code   RO        10587    i.Find_NewMac       ac_prime.o
    0x08001d8c   0x00000128   Code   RO        10588    i.Find_Zero         ac_prime.o
    0x08001eb4   0x0000001c   Code   RO         9140    i.Flash_Ce_Disable  flash.o
    0x08001ed0   0x0000001c   Code   RO         9141    i.Flash_Ce_Enable   flash.o
    0x08001eec   0x0000005a   Code   RO         9142    i.Flash_Check_Bad_Block  flash.o
    0x08001f46   0x00000002   PAD
    0x08001f48   0x000001dc   Code   RO         9145    i.Flash_Init        flash.o
    0x08002124   0x00000130   Code   RO         9146    i.Flash_Multi_Gpio_Init  flash.o
    0x08002254   0x00000084   Code   RO         9147    i.Flash_RB_Value    flash.o
    0x080022d8   0x000000a8   Code   RO         9148    i.Flash_Read_8Bit_Data  flash.o
    0x08002380   0x00000060   Code   RO         9149    i.Flash_Read_Data   flash.o
    0x080023e0   0x00000068   Code   RO         9150    i.Flash_Read_ID     flash.o
    0x08002448   0x00000022   Code   RO         9151    i.Flash_Read_Io_Status  flash.o
    0x0800246a   0x00000082   Code   RO         9156    i.Flash_Sign_Bad_Block  flash.o
    0x080024ec   0x00000024   Code   RO         9158    i.Flash_Write_1Byte_Address  flash.o
    0x08002510   0x000000d8   Code   RO         9159    i.Flash_Write_8Bit_Data  flash.o
    0x080025e8   0x0000002c   Code   RO         9161    i.Flash_Write_Command  flash.o
    0x08002614   0x000000ce   Code   RO         9162    i.Flash_Write_Data  flash.o
    0x080026e2   0x00000002   PAD
    0x080026e4   0x00000058   Code   RO         9165    i.Flash_Write_Row_Column_Address  flash.o
    0x0800273c   0x00000168   Code   RO         9166    i.Flash_Write_UserData  flash.o
    0x080028a4   0x000000a2   Code   RO         1902    i.GPIO_Init         stm32f4xx_gpio.o
    0x08002946   0x00000020   Code   RO         1903    i.GPIO_PinAFConfig  stm32f4xx_gpio.o
    0x08002966   0x00000012   Code   RO         1911    i.GPIO_StructInit   stm32f4xx_gpio.o
    0x08002978   0x00000060   Code   RO        10115    i.GetPassPack       wifi.o
    0x080029d8   0x00000014   Code   RO        10314    i.Get_a1twice       ac_component.o
    0x080029ec   0x00000014   Code   RO        10315    i.Get_a2param       ac_component.o
    0x08002a00   0x0000000c   Code   RO        10316    i.Get_ack           ac_component.o
    0x08002a0c   0x0000000c   Code   RO        10317    i.Get_busy          ac_component.o
    0x08002a18   0x0000000c   Code   RO        10318    i.Get_clientID      ac_component.o
    0x08002a24   0x0000000c   Code   RO        10319    i.Get_existlevel    ac_component.o
    0x08002a30   0x0000000c   Code   RO        10320    i.Get_flag_aa       ac_component.o
    0x08002a3c   0x0000000c   Code   RO        10321    i.Get_flag_sub      ac_component.o
    0x08002a48   0x00000014   Code   RO        10322    i.Get_here          ac_component.o
    0x08002a5c   0x0000000c   Code   RO        10323    i.Get_primeframe    ac_component.o
    0x08002a68   0x0000000c   Code   RO        10324    i.Get_time_busy     ac_component.o
    0x08002a74   0x0000000c   Code   RO        10325    i.Get_time_collide  ac_component.o
    0x08002a80   0x0000000c   Code   RO        10326    i.Get_time_e8       ac_component.o
    0x08002a8c   0x00000080   Code   RO        10116    i.GroupControlPack  wifi.o
    0x08002b0c   0x00000002   Code   RO         9805    i.HardFault_Handler  stm32f4xx_it.o
    0x08002b0e   0x00000002   PAD
    0x08002b10   0x00000060   Code   RO        10117    i.IDChkPack         wifi.o
    0x08002b70   0x00000098   Code   RO        10327    i.INPUT_EXTI_Configuration  ac_component.o
    0x08002c08   0x0000001e   Code   RO         8008    i.Init              main.o
    0x08002c26   0x00000002   PAD
    0x08002c28   0x000000cc   Code   RO        10328    i.Init_Data         ac_component.o
    0x08002cf4   0x00000048   Code   RO        10118    i.InvalidPack       wifi.o
    0x08002d3c   0x00000090   Code   RO        10119    i.IsNeedErrPro      wifi.o
    0x08002dcc   0x00000070   Code   RO         9167    i.List_Array        flash.o
    0x08002e3c   0x0000011c   Code   RO         8009    i.Main_task         main.o
    0x08002f58   0x00000002   Code   RO         9806    i.MemManage_Handler  stm32f4xx_it.o
    0x08002f5a   0x00000018   Code   RO        10120    i.Mermory_Clear     wifi.o
    0x08002f72   0x00000002   Code   RO         9807    i.NMI_Handler       stm32f4xx_it.o
    0x08002f74   0x00000064   Code   RO          162    i.NVIC_Init         misc.o
    0x08002fd8   0x00000014   Code   RO          163    i.NVIC_PriorityGroupConfig  misc.o
    0x08002fec   0x0000000c   Code   RO         2641    i.PWR_BackupAccessCmd  stm32f4xx_pwr.o
    0x08002ff8   0x0000012c   Code   RO        10589    i.Putout_A1         ac_prime.o
    0x08003124   0x00000160   Code   RO        10590    i.Putout_A2         ac_prime.o
    0x08003284   0x00000160   Code   RO        10591    i.Putout_A3         ac_prime.o
    0x080033e4   0x00000018   Code   RO         2745    i.RCC_AHB1PeriphClockCmd  stm32f4xx_rcc.o
    0x080033fc   0x00000018   Code   RO         2754    i.RCC_APB1PeriphClockCmd  stm32f4xx_rcc.o
    0x08003414   0x00000018   Code   RO         2757    i.RCC_APB2PeriphClockCmd  stm32f4xx_rcc.o
    0x0800342c   0x0000005a   Code   RO        10329    i.RCC_Configuration  ac_component.o
    0x08003486   0x00000002   PAD
    0x08003488   0x00000054   Code   RO         2765    i.RCC_DeInit        stm32f4xx_rcc.o
    0x080034dc   0x00000094   Code   RO         2766    i.RCC_GetClocksFreq  stm32f4xx_rcc.o
    0x08003570   0x00000034   Code   RO         2767    i.RCC_GetFlagStatus  stm32f4xx_rcc.o
    0x080035a4   0x00000014   Code   RO         2770    i.RCC_HCLKConfig    stm32f4xx_rcc.o
    0x080035b8   0x00000010   Code   RO         2771    i.RCC_HSEConfig     stm32f4xx_rcc.o
    0x080035c8   0x0000001c   Code   RO         2775    i.RCC_LSEConfig     stm32f4xx_rcc.o
    0x080035e4   0x00000014   Code   RO         2780    i.RCC_PCLK1Config   stm32f4xx_rcc.o
    0x080035f8   0x00000014   Code   RO         2781    i.RCC_PCLK2Config   stm32f4xx_rcc.o
    0x0800360c   0x0000000c   Code   RO         2782    i.RCC_PLLCmd        stm32f4xx_rcc.o
    0x08003618   0x00000028   Code   RO         2783    i.RCC_PLLConfig     stm32f4xx_rcc.o
    0x08003640   0x0000000c   Code   RO         2788    i.RCC_RTCCLKCmd     stm32f4xx_rcc.o
    0x0800364c   0x00000030   Code   RO         2789    i.RCC_RTCCLKConfig  stm32f4xx_rcc.o
    0x0800367c   0x00000014   Code   RO         2794    i.RCC_SYSCLKConfig  stm32f4xx_rcc.o
    0x08003690   0x0000000c   Code   RO         2795    i.RCC_TIMCLKPresConfig  stm32f4xx_rcc.o
    0x0800369c   0x0000002c   Code   RO         2796    i.RCC_WaitForHSEStartUp  stm32f4xx_rcc.o
    0x080036c8   0x00000028   Code   RO         9756    i.RTC_Alarm_IRQHandler  rtc.o
    0x080036f0   0x00000012   Code   RO         3138    i.RTC_Bcd2ToByte    stm32f4xx_rtc.o
    0x08003702   0x00000018   Code   RO         3140    i.RTC_ByteToBcd2    stm32f4xx_rtc.o
    0x0800371a   0x00000002   PAD
    0x0800371c   0x0000001c   Code   RO         3144    i.RTC_ClearITPendingBit  stm32f4xx_rtc.o
    0x08003738   0x0000006c   Code   RO         9757    i.RTC_Configuration  rtc.o
    0x080037a4   0x0000003c   Code   RO         3150    i.RTC_EnterInitMode  stm32f4xx_rtc.o
    0x080037e0   0x00000010   Code   RO         3151    i.RTC_ExitInitMode  stm32f4xx_rtc.o
    0x080037f0   0x00000048   Code   RO         3154    i.RTC_GetDate       stm32f4xx_rtc.o
    0x08003838   0x00000038   Code   RO         3156    i.RTC_GetITStatus   stm32f4xx_rtc.o
    0x08003870   0x0000004c   Code   RO         3159    i.RTC_GetTime       stm32f4xx_rtc.o
    0x080038bc   0x00000050   Code   RO         3164    i.RTC_Init          stm32f4xx_rtc.o
    0x0800390c   0x0000009c   Code   RO         3170    i.RTC_SetDate       stm32f4xx_rtc.o
    0x080039a8   0x000000a0   Code   RO         3171    i.RTC_SetTime       stm32f4xx_rtc.o
    0x08003a48   0x0000004c   Code   RO         3187    i.RTC_WaitForSynchro  stm32f4xx_rtc.o
    0x08003a94   0x00000098   Code   RO        10330    i.RX_EXTI_Configuration  ac_component.o
    0x08003b2c   0x000001d4   Code   RO         8786    i.ReadCmdFromMachine  dc_protocol.o
    0x08003d00   0x00000188   Code   RO        10656    i.Recv              ac_rx.o
    0x08003e88   0x0000001c   Code   RO        10121    i.ReplyConfirmPack  wifi.o
    0x08003ea4   0x00000074   Code   RO        10122    i.ReportStatePack   wifi.o
    0x08003f18   0x00000054   Code   RO        10123    i.RxData_Deal       wifi.o
    0x08003f6c   0x00000028   Code   RO         4014    i.SYSCFG_EXTILineConfig  stm32f4xx_syscfg.o
    0x08003f94   0x00000230   Code   RO        10740    i.Send              ac_tx.o
    0x080041c4   0x000000d8   Code   RO        10124    i.SetAirCondition   wifi.o
    0x0800429c   0x00000144   Code   RO           12    i.SetSysClock       system_stm32f4xx.o
    0x080043e0   0x0000001c   Code   RO        10332    i.Set_a1twice       ac_component.o
    0x080043fc   0x0000001c   Code   RO        10333    i.Set_a2param       ac_component.o
    0x08004418   0x0000000c   Code   RO        10334    i.Set_ack           ac_component.o
    0x08004424   0x0000000c   Code   RO        10335    i.Set_busy          ac_component.o
    0x08004430   0x0000000c   Code   RO        10337    i.Set_existlevel    ac_component.o
    0x0800443c   0x0000000c   Code   RO        10338    i.Set_flag_aa       ac_component.o
    0x08004448   0x0000001c   Code   RO        10340    i.Set_here          ac_component.o
    0x08004464   0x0000000c   Code   RO        10341    i.Set_primeframe    ac_component.o
    0x08004470   0x0000000c   Code   RO        10342    i.Set_time_busy     ac_component.o
    0x0800447c   0x0000000c   Code   RO        10343    i.Set_time_collide  ac_component.o
    0x08004488   0x0000000c   Code   RO        10344    i.Set_time_e8       ac_component.o
    0x08004494   0x0000005c   Code   RO        10125    i.StateCheck        wifi.o
    0x080044f0   0x00000024   Code   RO         5451    i.SysTick_Handler   port.o
    0x08004514   0x0000005c   Code   RO           14    i.SystemInit        system_stm32f4xx.o
    0x08004570   0x000000c8   Code   RO         9951    i.TIM7_IRQHandler   timer.o
    0x08004638   0x00000014   Code   RO         4069    i.TIM_ARRPreloadConfig  stm32f4xx_tim.o
    0x0800464c   0x00000006   Code   RO         4076    i.TIM_ClearITPendingBit  stm32f4xx_tim.o
    0x08004652   0x00000014   Code   RO         4081    i.TIM_Cmd           stm32f4xx_tim.o
    0x08004666   0x0000000e   Code   RO         4101    i.TIM_GetFlagStatus  stm32f4xx_tim.o
    0x08004674   0x00000060   Code   RO         4110    i.TIM_OC1Init       stm32f4xx_tim.o
    0x080046d4   0x0000000c   Code   RO         4113    i.TIM_OC1PreloadConfig  stm32f4xx_tim.o
    0x080046e0   0x0000007c   Code   RO         4153    i.TIM_TimeBaseInit  stm32f4xx_tim.o
    0x0800475c   0x00000038   Code   RO        10345    i.TX_GPIO_Configuration  ac_component.o
    0x08004794   0x00000010   Code   RO         8789    i.TaskReceive       dc_protocol.o
    0x080047a4   0x00000044   Code   RO         9865    i.Tem_Rh_Gpio_Init  tem_rh.o
    0x080047e8   0x0000001e   Code   RO         9168    i.Test_Two_Mermory_Same_Or_Not  flash.o
    0x08004806   0x00000002   PAD
    0x08004808   0x00000060   Code   RO         8010    i.Touch_task        main.o
    0x08004868   0x00000054   Code   RO        10127    i.USART1_IRQHandler  wifi.o
    0x080048bc   0x00000024   Code   RO         9064    i.USART6_IRQHandler  debug_uart.o
    0x080048e0   0x00000006   Code   RO         4614    i.USART_ClearFlag   stm32f4xx_usart.o
    0x080048e6   0x0000001c   Code   RO         4616    i.USART_ClockInit   stm32f4xx_usart.o
    0x08004902   0x0000000c   Code   RO         4617    i.USART_ClockStructInit  stm32f4xx_usart.o
    0x0800490e   0x00000014   Code   RO         4618    i.USART_Cmd         stm32f4xx_usart.o
    0x08004922   0x0000000e   Code   RO         4621    i.USART_GetFlagStatus  stm32f4xx_usart.o
    0x08004930   0x0000003e   Code   RO         4622    i.USART_GetITStatus  stm32f4xx_usart.o
    0x0800496e   0x00000030   Code   RO         4624    i.USART_ITConfig    stm32f4xx_usart.o
    0x0800499e   0x00000002   PAD
    0x080049a0   0x000000b8   Code   RO         4625    i.USART_Init        stm32f4xx_usart.o
    0x08004a58   0x00000008   Code   RO         4632    i.USART_ReceiveData  stm32f4xx_usart.o
    0x08004a60   0x00000008   Code   RO         4635    i.USART_SendData    stm32f4xx_usart.o
    0x08004a68   0x00000016   Code   RO         4641    i.USART_StructInit  stm32f4xx_usart.o
    0x08004a7e   0x00000002   PAD
    0x08004a80   0x000000e4   Code   RO        10346    i.Uart_Configuration  ac_component.o
    0x08004b64   0x00000020   Code   RO        10347    i.Uart_putchar      ac_component.o
    0x08004b84   0x00000026   Code   RO        10348    i.Uart_putstr       ac_component.o
    0x08004baa   0x00000002   PAD
    0x08004bac   0x000000e0   Code   RO        10128    i.UhomeCom_1toX     wifi.o
    0x08004c8c   0x000001b8   Code   RO        10129    i.UhomePack         wifi.o
    0x08004e44   0x00000038   Code   RO        10130    i.UhomeSetIdenty    wifi.o
    0x08004e7c   0x00000020   Code   RO        10131    i.UhomeSetMacAddress  wifi.o
    0x08004e9c   0x000001f4   Code   RO        10132    i.UhomeUnpack       wifi.o
    0x08005090   0x00000028   Code   RO        10133    i.UhomeWifi_Config  wifi.o
    0x080050b8   0x00000028   Code   RO        10134    i.UhomeWifi_Normal  wifi.o
    0x080050e0   0x00000002   Code   RO         9808    i.UsageFault_Handler  stm32f4xx_it.o
    0x080050e2   0x00000002   PAD
    0x080050e4   0x00000078   Code   RO        10135    i.VersionPack       wifi.o
    0x0800515c   0x00000030   Code   RO        10350    i.Wait_busfree      ac_component.o
    0x0800518c   0x00000064   Code   RO        10136    i.Wifi_GPIO_Init    wifi.o
    0x080051f0   0x00000068   Code   RO        10138    i.Wifi_Uart_Init    wifi.o
    0x08005258   0x00000020   Code   RO        10139    i.Wifi_Uart_SendByte  wifi.o
    0x08005278   0x00000016   Code   RO        10140    i.Wifi_Uart_SendData  wifi.o
    0x0800528e   0x00000002   PAD
    0x08005290   0x00000034   Code   RO         8011    i.Wifi_task         main.o
    0x080052c4   0x0000000e   Code   RO        10909    i._is_digit         c_w.l(__printf_wp.o)
    0x080052d2   0x00000002   PAD
    0x080052d4   0x00000024   Code   RO         9631    i.f_GetCodeKey      netendecode.o
    0x080052f8   0x00000024   Code   RO         9632    i.f_GetDecodeData   netendecode.o
    0x0800531c   0x00000024   Code   RO         9633    i.f_GetEncodeData   netendecode.o
    0x08005340   0x0000001a   Code   RO        11146    i.fputc             c_w.l(fputc.o)
    0x0800535a   0x0000000a   Code   RO         8718    i.getElecLevel      dc_config.o
    0x08005364   0x0000001c   Code   RO        10141    i.isStateChg        wifi.o
    0x08005380   0x000000cc   Code   RO         8012    i.main              main.o
    0x0800544c   0x0000001c   Code   RO         8013    i.ms_Delay          main.o
    0x08005468   0x00000034   Code   RO         5134    i.prvAddCurrentTaskToDelayedList  tasks.o
    0x0800549c   0x00000040   Code   RO         5368    i.prvCheckForValidListAndQueue  timers.o
    0x080054dc   0x00000054   Code   RO         5135    i.prvCheckTasksWaitingTermination  tasks.o
    0x08005530   0x00000028   Code   RO         4991    i.prvCopyDataFromQueue  queue.o
    0x08005558   0x00000068   Code   RO         4992    i.prvCopyDataToQueue  queue.o
    0x080055c0   0x0000003c   Code   RO         5518    i.prvHeapInit       heap_4.o
    0x080055fc   0x00000018   Code   RO         5136    i.prvIdleTask       tasks.o
    0x08005614   0x0000004c   Code   RO         5519    i.prvInsertBlockIntoFreeList  heap_4.o
    0x08005660   0x00000038   Code   RO         5369    i.prvInsertTimerInActiveList  timers.o
    0x08005698   0x00000090   Code   RO         5370    i.prvProcessReceivedCommands  timers.o
    0x08005728   0x00000084   Code   RO         5371    i.prvProcessTimerOrBlockTask  timers.o
    0x080057ac   0x00000028   Code   RO         5372    i.prvSampleTimeNow  timers.o
    0x080057d4   0x00000058   Code   RO         5373    i.prvSwitchTimerLists  timers.o
    0x0800582c   0x00000024   Code   RO         5374    i.prvTimerTask      timers.o
    0x08005850   0x00000064   Code   RO         4993    i.prvUnlockQueue    queue.o
    0x080058b4   0x00000090   Code   RO         5520    i.pvPortMalloc      heap_4.o
    0x08005944   0x00000022   Code   RO         5452    i.pxPortInitialiseStack  port.o
    0x08005966   0x00000002   PAD
    0x08005968   0x0000006c   Code   RO         8014    i.queue_init        main.o
    0x080059d4   0x00000056   Code   RO         9758    i.rtc_init          rtc.o
    0x08005a2a   0x00000002   PAD
    0x08005a2c   0x000000e4   Code   RO         9066    i.uart_init         debug_uart.o
    0x08005b10   0x00000020   Code   RO         9067    i.uart_putchar      debug_uart.o
    0x08005b30   0x00000026   Code   RO         9068    i.uart_putstr       debug_uart.o
    0x08005b56   0x00000014   Code   RO         8015    i.us_Delay          main.o
    0x08005b6a   0x00000024   Code   RO         4941    i.uxListRemove      list.o
    0x08005b8e   0x00000012   Code   RO         4996    i.uxQueueMessagesWaiting  queue.o
    0x08005ba0   0x00000016   Code   RO         4942    i.vListInitialise   list.o
    0x08005bb6   0x00000006   Code   RO         4943    i.vListInitialiseItem  list.o
    0x08005bbc   0x00000030   Code   RO         4944    i.vListInsert       list.o
    0x08005bec   0x00000018   Code   RO         4945    i.vListInsertEnd    list.o
    0x08005c04   0x0000001c   Code   RO         5454    i.vPortEnterCritical  port.o
    0x08005c20   0x00000014   Code   RO         5455    i.vPortExitCritical  port.o
    0x08005c34   0x00000040   Code   RO         5521    i.vPortFree         heap_4.o
    0x08005c74   0x00000014   Code   RO         5456    i.vPortSetupTimerInterrupt  port.o
    0x08005c88   0x00000018   Code   RO         5457    i.vPortYield        port.o
    0x08005ca0   0x0000003a   Code   RO         5000    i.vQueueWaitForMessageRestricted  queue.o
    0x08005cda   0x00000002   PAD
    0x08005cdc   0x00000050   Code   RO        10352    i.vTaskCntTime      ac_component.o
    0x08005d2c   0x00000034   Code   RO         5142    i.vTaskDelay        tasks.o
    0x08005d60   0x00000058   Code   RO         5144    i.vTaskDelete       tasks.o
    0x08005db8   0x00000110   Code   RO        10741    i.vTaskFillFrame    ac_tx.o
    0x08005ec8   0x0000000c   Code   RO         5146    i.vTaskMissedYield  tasks.o
    0x08005ed4   0x0000003c   Code   RO         5147    i.vTaskPlaceOnEventList  tasks.o
    0x08005f10   0x00000028   Code   RO         5148    i.vTaskPlaceOnEventListRestricted  tasks.o
    0x08005f38   0x00000148   Code   RO        10592    i.vTaskPrime        ac_prime.o
    0x08006080   0x00000048   Code   RO         5149    i.vTaskPriorityDisinherit  tasks.o
    0x080060c8   0x00000064   Code   RO         5150    i.vTaskPriorityInherit  tasks.o
    0x0800612c   0x00000090   Code   RO        10657    i.vTaskRecv         ac_rx.o
    0x080061bc   0x00000058   Code   RO        10742    i.vTaskSendPrimeFrame  ac_tx.o
    0x08006214   0x00000110   Code   RO        10743    i.vTaskSendTpFrame  ac_tx.o
    0x08006324   0x00000010   Code   RO         5154    i.vTaskSetTimeOutState  tasks.o
    0x08006334   0x0000004c   Code   RO         5155    i.vTaskStartScheduler  tasks.o
    0x08006380   0x00000010   Code   RO         5157    i.vTaskSuspendAll   tasks.o
    0x08006390   0x0000004c   Code   RO         5158    i.vTaskSwitchContext  tasks.o
    0x080063dc   0x00000040   Code   RO         5458    i.xPortStartScheduler  port.o
    0x0800641c   0x0000004a   Code   RO         5002    i.xQueueCreateMutex  queue.o
    0x08006466   0x00000048   Code   RO         5003    i.xQueueGenericCreate  queue.o
    0x080064ae   0x00000102   Code   RO         5004    i.xQueueGenericReceive  queue.o
    0x080065b0   0x00000060   Code   RO         5005    i.xQueueGenericReset  queue.o
    0x08006610   0x000000d6   Code   RO         5006    i.xQueueGenericSend  queue.o
    0x080066e6   0x00000062   Code   RO         5007    i.xQueueGenericSendFromISR  queue.o
    0x08006748   0x00000048   Code   RO         5159    i.xTaskCheckForTimeOut  tasks.o
    0x08006790   0x0000016c   Code   RO         5160    i.xTaskGenericCreate  tasks.o
    0x080068fc   0x0000000c   Code   RO         5161    i.xTaskGetCurrentTaskHandle  tasks.o
    0x08006908   0x0000001c   Code   RO         5162    i.xTaskGetSchedulerState  tasks.o
    0x08006924   0x00000018   Code   RO         5163    i.xTaskGetTickCount  tasks.o
    0x0800693c   0x000000c0   Code   RO         5165    i.xTaskIncrementTick  tasks.o
    0x080069fc   0x0000005c   Code   RO         5167    i.xTaskRemoveFromEventList  tasks.o
    0x08006a58   0x000000ac   Code   RO         5168    i.xTaskResumeAll    tasks.o
    0x08006b04   0x00000040   Code   RO         5377    i.xTimerCreateTimerTask  timers.o
    0x08006b44   0x00000048   Code   RO         5378    i.xTimerGenericCommand  timers.o
    0x08006b8c   0x0000001a   Code   RO         5379    i.xTimerIsTimerActive  timers.o
    0x08006ba6   0x0000000a   Code   RO        11169    x$fpl$fpinit        fz_wm.l(fpinit.o)
    0x08006bb0   0x00000100   Data   RO         9635    .constdata          netendecode.o
    0x08006cb0   0x00000028   Data   RO        10882    .constdata          c_w.l(_printf_hex_int.o)
    0x08006cd8   0x00000004   Data   RO        11176    .constdata          c_w.l(sys_io.o)
    0x08006cdc   0x00000004   Data   RO        11177    .constdata          c_w.l(sys_io.o)
    0x08006ce0   0x00000004   Data   RO        11178    .constdata          c_w.l(sys_io.o)
    0x08006ce4   0x00000020   Data   RO        11312    Region$$Table       anon$$obj.o


    Execution Region RW_IRAM1 (Base: 0x20000000, Size: 0x0000f1a0, Max: 0x00030000, ABSOLUTE, COMPRESSED[0x00000058])

    Base Addr    Size         Type   Attr      Idx    E Section Name        Object

    0x20000000   0x00000014   Data   RW           15    .data               system_stm32f4xx.o
    0x20000014   0x00000010   Data   RW         2797    .data               stm32f4xx_rcc.o
    0x20000024   0x00000038   Data   RW         5171    .data               tasks.o
    0x2000005c   0x00000010   Data   RW         5381    .data               timers.o
    0x2000006c   0x00000004   Data   RW         5459    .data               port.o
    0x20000070   0x00000014   Data   RW         5525    .data               heap_4.o
    0x20000084   0x0000000c   Data   RW         7725    .data               ethernetif.o
    0x20000090   0x00000042   Data   RW         8016    .data               main.o
    0x200000d2   0x0000001a   Data   RW         8792    .data               dc_protocol.o
    0x200000ec   0x0000000c   Data   RW         8889    .data               dc_timer.o
    0x200000f8   0x00000030   Data   RW         9172    .data               flash.o
    0x20000128   0x00000006   Data   RW         9534    .data               led_buzzer.o
    0x2000012e   0x00000002   PAD
    0x20000130   0x0000000c   Data   RW         9761    .data               rtc.o
    0x2000013c   0x00000010   Data   RW         9971    .data               timer.o
    0x2000014c   0x00000057   Data   RW        10145    .data               wifi.o
    0x200001a3   0x00000001   PAD
    0x200001a4   0x0000005e   Data   RW        10354    .data               ac_component.o
    0x20000202   0x00000002   PAD
    0x20000204   0x00000008   Data   RW        10355    .data               ac_component.o
    0x2000020c   0x00000001   Data   RW        10356    .data               ac_component.o
    0x2000020d   0x0000000f   Data   RW        10745    .data               ac_tx.o
    0x2000021c   0x00000004   Data   RW        11020    .data               c_w.l(stdio_streams.o)
    0x20000220   0x00000004   Data   RW        11021    .data               c_w.l(stdio_streams.o)
    0x20000224   0x00000004   Data   RW        11022    .data               c_w.l(stdio_streams.o)
    0x20000228   0x00000154   Zero   RW         5170    .bss                tasks.o
    0x2000037c   0x00000028   Zero   RW         5380    .bss                timers.o
    0x200003a4   0x0000a000   Zero   RW         5524    .bss                heap_4.o
    0x2000a3a4   0x0000000e   Zero   RW         8790    .bss                dc_protocol.o
    0x2000a3b2   0x00000fce   Zero   RW         9170    .bss                flash.o
    0x2000b380   0x00000010   Zero   RW         9634    .bss                netendecode.o
    0x2000b390   0x0000000c   Zero   RW         9759    .bss                rtc.o
    0x2000b39c   0x00000192   Zero   RW         9969    .bss                timer.o
    0x2000b52e   0x00002858   Zero   RW        10142    .bss                wifi.o
    0x2000dd86   0x000000bd   Zero   RW        10353    .bss                ac_component.o
    0x2000de43   0x00000001   PAD
    0x2000de44   0x00000054   Zero   RW        11017    .bss                c_w.l(stdio_streams.o)
    0x2000de98   0x00000054   Zero   RW        11018    .bss                c_w.l(stdio_streams.o)
    0x2000deec   0x00000054   Zero   RW        11019    .bss                c_w.l(stdio_streams.o)
    0x2000df40   0x00000060   Zero   RW        11082    .bss                c_w.l(libspace.o)
    0x2000dfa0   0x00000200   Zero   RW            2    HEAP                startup_stm32f429x.o
    0x2000e1a0   0x00001000   Zero   RW            1    STACK               startup_stm32f429x.o


==============================================================================

Image component sizes


      Code (inc. data)   RO Data    RW Data    ZI Data      Debug   Object Name

      1510        210          0        103        189      22793   ac_component.o
      2608        434          0          0          0       6593   ac_prime.o
      1004        126          0          0          0       4126   ac_rx.o
      1424        260          0         15          0       4840   ac_tx.o
         0          0          0          0          0      10163   api_lib.o
         0          0          0          0          0       6292   croutine.o
        62          6          0          0          0       1798   dc_config.o
       758         48          0         26         14       6251   dc_protocol.o
         0          0          0         12          0        255   dc_timer.o
       334         22          0          0          0       2465   debug_uart.o
         0          0          0         12          0      38260   ethernetif.o
      2682        140          0         48       4046      21135   flash.o
         0          0          0          0          0       4484   gcom.o
       344         22          0         20      40960       3991   heap_4.o
       204         20          0          6          0       1468   led_buzzer.o
       136          0          0          0          0       4578   list.o
       878        178          0         66          0      14445   main.o
       120         18          0          0          0       1583   misc.o
       108         16        256          0         16       2477   netendecode.o
       400         54          0          4          0       7153   port.o
      1132          0          0          0          0      13087   queue.o
       234         16          0         12         12       2288   rtc.o
        64         26        428          0       4608        820   startup_stm32f429x.o
        32         10          0          0          0       1146   stm32f4x7_eth.o
       138         10          0          0          0       2175   stm32f4xx_exti.o
       212          0          0          0          0       2313   stm32f4xx_gpio.o
        80          8          0          0          0       3054   stm32f4xx_it.o
        12          6          0          0          0        546   stm32f4xx_pwr.o
       648        126          0         16          0      12763   stm32f4xx_rcc.o
       822         68          0          0          0       8773   stm32f4xx_rtc.o
        40          6          0          0          0        644   stm32f4xx_syscfg.o
       292         36          0          0          0       5920   stm32f4xx_tim.o
       412         10          0          0          0       7620   stm32f4xx_usart.o
       416         48          0         20          0     306661   system_stm32f4xx.o
      1724        174          0         56        340      20465   tasks.o
        68          4          0          0          0        511   tem_rh.o
       200         12          0         16        402     240934   timer.o
       722         58          0         16         40       8181   timers.o
      3186        358          0         87      10328      23267   wifi.o

    ----------------------------------------------------------------------
     23044       2530        716        540      60956     826318   Object Totals
         0          0         32          0          0          0   (incl. Generated)
        38          0          0          5          1          0   (incl. Padding)

    ----------------------------------------------------------------------

      Code (inc. data)   RO Data    RW Data    ZI Data      Debug   Library Member Name

        90          0          0          0          0          0   __dczerorl2.o
         8          0          0          0          0         68   __main.o
       284          0          0          0          0        156   __printf_wp.o
        52          8          0          0          0          0   __scatter.o
        28          0          0          0          0          0   __scatter_zi.o
        48          6          0          0          0         96   _printf_char_common.o
        36          4          0          0          0         80   _printf_char_file.o
        92          4         40          0          0         88   _printf_hex_int.o
       184          0          0          0          0         88   _printf_intcommon.o
         0          0          0          0          0          0   _printf_percent.o
         4          0          0          0          0          0   _printf_percent_end.o
         6          0          0          0          0          0   _printf_x.o
        16          0          0          0          0         68   aeabi_memset.o
        10          0          0          0          0         68   defsig_exit.o
        50          0          0          0          0         88   defsig_general.o
        80         58          0          0          0         76   defsig_rtmem_inner.o
        14          0          0          0          0         80   defsig_rtmem_outer.o
        52         38          0          0          0         76   defsig_rtred_inner.o
        14          0          0          0          0         80   defsig_rtred_outer.o
        12          0          0          0          0         72   exit.o
        76          0          0          0          0         88   fclose.o
         8          0          0          0          0         68   ferror.o
       478          0          0          0          0         88   flsbuf.o
       236          4          0          0          0        128   fopen.o
        26          0          0          0          0         68   fputc.o
       248          6          0          0          0         84   fseek.o
        70          0          0          0          0         76   ftell.o
        94          0          0          0          0         80   h1_alloc.o
        52          0          0          0          0         68   h1_extend.o
        78          0          0          0          0         80   h1_free.o
        14          0          0          0          0         84   h1_init.o
         6          0          0          0          0        152   heapauxi.o
         4          0          0          0          0        136   hguard.o
         0          0          0          0          0          0   indicate_semi.o
       138          0          0          0          0        168   init_alloc.o
       312         46          0          0          0        112   initio.o
         2          0          0          0          0          0   libinit.o
        18          0          0          0          0          0   libinit2.o
         2          0          0          0          0          0   libshutdown.o
         6          0          0          0          0          0   libshutdown2.o
         8          4          0          0         96         68   libspace.o
         0          0          0          0          0          0   maybetermalloc1.o
        88          0          0          0          0         76   memcmp.o
        24          4          0          0          0         84   noretval__2printf.o
         8          4          0          0          0         68   rt_errno_addr_intlibspace.o
         8          4          0          0          0         68   rt_heap_descriptor_intlibspace.o
        68          0          0          0          0         68   rt_memclr.o
        78          0          0          0          0         80   rt_memclr_w.o
       138          0          0          0          0         68   rt_memcpy_v6.o
       100          0          0          0          0         80   rt_memcpy_w.o
         0          0          0          0          0          0   rtentry.o
        12          0          0          0          0          0   rtentry2.o
         6          0          0          0          0          0   rtentry4.o
         2          0          0          0          0          0   rtexit.o
        10          0          0          0          0          0   rtexit2.o
        70          0          0          0          0         80   setvbuf.o
       240          6          0          0          0        156   stdio.o
         0          0          0         12        252          0   stdio_streams.o
        62          0          0          0          0         76   strlen.o
        12          4          0          0          0         68   sys_exit.o
       102          0         12          0          0        240   sys_io.o
        74          0          0          0          0         80   sys_stackheap_outer.o
        14          0          0          0          0         76   sys_wrch.o
         2          0          0          0          0         68   use_no_semi.o
        10          0          0          0          0        116   fpinit.o

    ----------------------------------------------------------------------
      4096        200         52         12        348       4284   Library Totals
        12          0          0          0          0          0   (incl. Padding)

    ----------------------------------------------------------------------

      Code (inc. data)   RO Data    RW Data    ZI Data      Debug   Library Name

      4074        200         52         12        348       4168   c_w.l
        10          0          0          0          0        116   fz_wm.l

    ----------------------------------------------------------------------
      4096        200         52         12        348       4284   Library Totals

    ----------------------------------------------------------------------

==============================================================================


      Code (inc. data)   RO Data    RW Data    ZI Data      Debug   

     27140       2730        768        552      61304     802110   Grand Totals
     27140       2730        768         88      61304     802110   ELF Image Totals (compressed)
     27140       2730        768         88          0          0   ROM Totals

==============================================================================

    Total RO  Size (Code + RO Data)                27908 (  27.25kB)
    Total RW  Size (RW Data + ZI Data)             61856 (  60.41kB)
    Total ROM Size (Code + RO Data + RW Data)      27996 (  27.34kB)

==============================================================================

